Archive member included to satisfy reference by file (symbol)

D:/STM32CubeIDE_1.13.0/STM32CubeIDE/plugins/com.st.stm32cube.ide.mcu.externaltools.gnu-tools-for-stm32.11.3.rel1.win32_1.1.0.202305231506/tools/bin/../lib/gcc/arm-none-eabi/11.3.1/../../../../arm-none-eabi/lib/thumb/v7e-m+dp/hard\libc_nano.a(libc_a-exit.o)
                              D:/STM32CubeIDE_1.13.0/STM32CubeIDE/plugins/com.st.stm32cube.ide.mcu.externaltools.gnu-tools-for-stm32.11.3.rel1.win32_1.1.0.202305231506/tools/bin/../lib/gcc/arm-none-eabi/11.3.1/../../../../arm-none-eabi/lib/thumb/v7e-m+dp/hard/crt0.o (exit)
D:/STM32CubeIDE_1.13.0/STM32CubeIDE/plugins/com.st.stm32cube.ide.mcu.externaltools.gnu-tools-for-stm32.11.3.rel1.win32_1.1.0.202305231506/tools/bin/../lib/gcc/arm-none-eabi/11.3.1/../../../../arm-none-eabi/lib/thumb/v7e-m+dp/hard\libc_nano.a(libc_a-findfp.o)
                              D:/STM32CubeIDE_1.13.0/STM32CubeIDE/plugins/com.st.stm32cube.ide.mcu.externaltools.gnu-tools-for-stm32.11.3.rel1.win32_1.1.0.202305231506/tools/bin/../lib/gcc/arm-none-eabi/11.3.1/../../../../arm-none-eabi/lib/thumb/v7e-m+dp/hard\libc_nano.a(libc_a-exit.o) (__stdio_exit_handler)
D:/STM32CubeIDE_1.13.0/STM32CubeIDE/plugins/com.st.stm32cube.ide.mcu.externaltools.gnu-tools-for-stm32.11.3.rel1.win32_1.1.0.202305231506/tools/bin/../lib/gcc/arm-none-eabi/11.3.1/../../../../arm-none-eabi/lib/thumb/v7e-m+dp/hard\libc_nano.a(libc_a-fwalk.o)
                              D:/STM32CubeIDE_1.13.0/STM32CubeIDE/plugins/com.st.stm32cube.ide.mcu.externaltools.gnu-tools-for-stm32.11.3.rel1.win32_1.1.0.202305231506/tools/bin/../lib/gcc/arm-none-eabi/11.3.1/../../../../arm-none-eabi/lib/thumb/v7e-m+dp/hard\libc_nano.a(libc_a-findfp.o) (_fwalk_sglue)
D:/STM32CubeIDE_1.13.0/STM32CubeIDE/plugins/com.st.stm32cube.ide.mcu.externaltools.gnu-tools-for-stm32.11.3.rel1.win32_1.1.0.202305231506/tools/bin/../lib/gcc/arm-none-eabi/11.3.1/../../../../arm-none-eabi/lib/thumb/v7e-m+dp/hard\libc_nano.a(libc_a-stdio.o)
                              D:/STM32CubeIDE_1.13.0/STM32CubeIDE/plugins/com.st.stm32cube.ide.mcu.externaltools.gnu-tools-for-stm32.11.3.rel1.win32_1.1.0.202305231506/tools/bin/../lib/gcc/arm-none-eabi/11.3.1/../../../../arm-none-eabi/lib/thumb/v7e-m+dp/hard\libc_nano.a(libc_a-findfp.o) (__sread)
D:/STM32CubeIDE_1.13.0/STM32CubeIDE/plugins/com.st.stm32cube.ide.mcu.externaltools.gnu-tools-for-stm32.11.3.rel1.win32_1.1.0.202305231506/tools/bin/../lib/gcc/arm-none-eabi/11.3.1/../../../../arm-none-eabi/lib/thumb/v7e-m+dp/hard\libc_nano.a(libc_a-memset.o)
                              D:/STM32CubeIDE_1.13.0/STM32CubeIDE/plugins/com.st.stm32cube.ide.mcu.externaltools.gnu-tools-for-stm32.11.3.rel1.win32_1.1.0.202305231506/tools/bin/../lib/gcc/arm-none-eabi/11.3.1/../../../../arm-none-eabi/lib/thumb/v7e-m+dp/hard/crt0.o (memset)
D:/STM32CubeIDE_1.13.0/STM32CubeIDE/plugins/com.st.stm32cube.ide.mcu.externaltools.gnu-tools-for-stm32.11.3.rel1.win32_1.1.0.202305231506/tools/bin/../lib/gcc/arm-none-eabi/11.3.1/../../../../arm-none-eabi/lib/thumb/v7e-m+dp/hard\libc_nano.a(libc_a-closer.o)
                              D:/STM32CubeIDE_1.13.0/STM32CubeIDE/plugins/com.st.stm32cube.ide.mcu.externaltools.gnu-tools-for-stm32.11.3.rel1.win32_1.1.0.202305231506/tools/bin/../lib/gcc/arm-none-eabi/11.3.1/../../../../arm-none-eabi/lib/thumb/v7e-m+dp/hard\libc_nano.a(libc_a-stdio.o) (_close_r)
D:/STM32CubeIDE_1.13.0/STM32CubeIDE/plugins/com.st.stm32cube.ide.mcu.externaltools.gnu-tools-for-stm32.11.3.rel1.win32_1.1.0.202305231506/tools/bin/../lib/gcc/arm-none-eabi/11.3.1/../../../../arm-none-eabi/lib/thumb/v7e-m+dp/hard\libc_nano.a(libc_a-reent.o)
                              D:/STM32CubeIDE_1.13.0/STM32CubeIDE/plugins/com.st.stm32cube.ide.mcu.externaltools.gnu-tools-for-stm32.11.3.rel1.win32_1.1.0.202305231506/tools/bin/../lib/gcc/arm-none-eabi/11.3.1/../../../../arm-none-eabi/lib/thumb/v7e-m+dp/hard\libc_nano.a(libc_a-closer.o) (errno)
D:/STM32CubeIDE_1.13.0/STM32CubeIDE/plugins/com.st.stm32cube.ide.mcu.externaltools.gnu-tools-for-stm32.11.3.rel1.win32_1.1.0.202305231506/tools/bin/../lib/gcc/arm-none-eabi/11.3.1/../../../../arm-none-eabi/lib/thumb/v7e-m+dp/hard\libc_nano.a(libc_a-impure.o)
                              D:/STM32CubeIDE_1.13.0/STM32CubeIDE/plugins/com.st.stm32cube.ide.mcu.externaltools.gnu-tools-for-stm32.11.3.rel1.win32_1.1.0.202305231506/tools/bin/../lib/gcc/arm-none-eabi/11.3.1/../../../../arm-none-eabi/lib/thumb/v7e-m+dp/hard\libc_nano.a(libc_a-reent.o) (_impure_ptr)
D:/STM32CubeIDE_1.13.0/STM32CubeIDE/plugins/com.st.stm32cube.ide.mcu.externaltools.gnu-tools-for-stm32.11.3.rel1.win32_1.1.0.202305231506/tools/bin/../lib/gcc/arm-none-eabi/11.3.1/../../../../arm-none-eabi/lib/thumb/v7e-m+dp/hard\libc_nano.a(libc_a-lseekr.o)
[...]
Memory Configuration

Name             Origin             Length             Attributes
RAM              0x0000000020000000 0x0000000000080000 xrw
FLASH            0x0000000008000000 0x0000000000200000 xr
*default*        0x0000000000000000 0xffffffffffffffff

Linker script and memory map

LOAD D:/STM32CubeIDE_1.13.0/STM32CubeIDE/plugins/com.st.stm32cube.ide.mcu.externaltools.gnu-tools-for-stm32.11.3.rel1.win32_1.1.0.202305231506/tools/bin/../lib/gcc/arm-none-eabi/11.3.1/thumb/v7e-m+dp/hard/crti.o
LOAD D:/STM32CubeIDE_1.13.0/STM32CubeIDE/plugins/com.st.stm32cube.ide.mcu.externaltools.gnu-tools-for-stm32.11.3.rel1.win32_1.1.0.202305231506/tools/bin/../lib/gcc/arm-none-eabi/11.3.1/thumb/v7e-m+dp/hard/crtbegin.o
LOAD D:/STM32CubeIDE_1.13.0/STM32CubeIDE/plugins/com.st.stm32cube.ide.mcu.externaltools.gnu-tools-for-stm32.11.3.rel1.win32_1.1.0.202305231506/tools/bin/../lib/gcc/arm-none-eabi/11.3.1/../../../../arm-none-eabi/lib/thumb/v7e-m+dp/hard/crt0.o
LOAD ./Core/Src/gpio.o
LOAD ./Core/Src/main.o
LOAD ./Core/Src/stm32f7xx_hal_msp.o
LOAD ./Core/Src/stm32f7xx_it.o
LOAD ./Core/Src/syscalls.o
LOAD ./Core/Src/sysmem.o
LOAD ./Core/Src/system_stm32f7xx.o
LOAD ./Core/Src/usart.o
LOAD ./Core/Startup/startup_stm32f767zitx.o
LOAD ./Drivers/STM32F7xx_HAL_Driver/stm32f7xx_hal.o
LOAD ./Drivers/STM32F7xx_HAL_Driver/stm32f7xx_hal_cortex.o
LOAD ./Drivers/STM32F7xx_HAL_Driver/stm32f7xx_hal_dma.o
LOAD ./Drivers/STM32F7xx_HAL_Driver/stm32f7xx_hal_dma_ex.o
LOAD ./Drivers/STM32F7xx_HAL_Driver/stm32f7xx_hal_exti.o
LOAD ./Drivers/STM32F7xx_HAL_Driver/stm32f7xx_hal_flash.o
LOAD ./Drivers/STM32F7xx_HAL_Driver/stm32f7xx_hal_flash_ex.o
LOAD ./Drivers/STM32F7xx_HAL_Driver/stm32f7xx_hal_gpio.o
LOAD ./Drivers/STM32F7xx_HAL_Driver/stm32f7xx_hal_i2c.o
LOAD ./Drivers/STM32F7xx_HAL_Driver/stm32f7xx_hal_i2c_ex.o
LOAD ./Drivers/STM32F7xx_HAL_Driver/stm32f7xx_hal_pwr.o
LOAD ./Drivers/STM32F7xx_HAL_Driver/stm32f7xx_hal_pwr_ex.o
LOAD ./Drivers/STM32F7xx_HAL_Driver/stm32f7xx_hal_rcc.o
LOAD ./Drivers/STM32F7xx_HAL_Driver/stm32f7xx_hal_rcc_ex.o
LOAD ./Drivers/STM32F7xx_HAL_Driver/stm32f7xx_hal_uart.o
LOAD ./Drivers/STM32F7xx_HAL_Driver/stm32f7xx_hal_uart_ex.o
START GROUP
LOAD D:/STM32CubeIDE_1.13.0/STM32CubeIDE/plugins/com.st.stm32cube.ide.mcu.externaltools.gnu-tools-for-stm32.11.3.rel1.win32_1.1.0.202305231506/tools/bin/../lib/gcc/arm-none-eabi/11.3.1/../../../../arm-none-eabi/lib/thumb/v7e-m+dp/hard\libc_nano.a
LOAD D:/STM32CubeIDE_1.13.0/STM32CubeIDE/plugins/com.st.stm32cube.ide.mcu.externaltools.gnu-tools-for-stm32.11.3.rel1.win32_1.1.0.202305231506/tools/bin/../lib/gcc/arm-none-eabi/11.3.1/../../../../arm-none-eabi/lib/thumb/v7e-m+dp/hard\libm.a
END GROUP
START GROUP
LOAD D:/STM32CubeIDE_1.13.0/STM32CubeIDE/plugins/com.st.stm32cube.ide.mcu.externaltools.gnu-tools-for-stm32.11.3.rel1.win32_1.1.0.202305231506/tools/bin/../lib/gcc/arm-none-eabi/11.3.1/thumb/v7e-m+dp/hard\libgcc.a
LOAD D:/STM32CubeIDE_1.13.0/STM32CubeIDE/plugins/com.st.stm32cube.ide.mcu.externaltools.gnu-tools-for-stm32.11.3.rel1.win32_1.1.0.202305231506/tools/bin/../lib/gcc/arm-none-eabi/11.3.1/../../../../arm-none-eabi/lib/thumb/v7e-m+dp/hard\libc_nano.a
END GROUP
START GROUP
LOAD D:/STM32CubeIDE_1.13.0/STM32CubeIDE/plugins/com.st.stm32cube.ide.mcu.externaltools.gnu-tools-for-stm32.11.3.rel1.win32_1.1.0.202305231506/tools/bin/../lib/gcc/arm-none-eabi/11.3.1/thumb/v7e-m+dp/hard\libgcc.a
LOAD D:/STM32CubeIDE_1.13.0/STM32CubeIDE/plugins/com.st.stm32cube.ide.mcu.externaltools.gnu-tools-for-stm32.11.3.rel1.win32_1.1.0.202305231506/tools/bin/../lib/gcc/arm-none-eabi/11.3.1/../../../../arm-none-eabi/lib/thumb/v7e-m+dp/hard\libc_nano.a
LOAD D:/STM32CubeIDE_1.13.0/STM32CubeIDE/plugins/com.st.stm32cube.ide.mcu.externaltools.gnu-tools-for-stm32.11.3.rel1.win32_1.1.0.202305231506/tools/bin/../lib/gcc/arm-none-eabi/11.3.1/../../../../arm-none-eabi/lib/thumb/v7e-m+dp/hard\libnosys.a
END GROUP
START GROUP
LOAD D:/STM32CubeIDE_1.13.0/STM32CubeIDE/plugins/com.st.stm32cube.ide.mcu.externaltools.gnu-tools-for-stm32.11.3.rel1.win32_1.1.0.202305231506/tools/bin/../lib/gcc/arm-none-eabi/11.3.1/thumb/v7e-m+dp/hard\libgcc.a
LOAD D:/STM32CubeIDE_1.13.0/STM32CubeIDE/plugins/com.st.stm32cube.ide.mcu.externaltools.gnu-tools-for-stm32.11.3.rel1.win32_1.1.0.202305231506/tools/bin/../lib/gcc/arm-none-eabi/11.3.1/../../../../arm-none-eabi/lib/thumb/v7e-m+dp/hard\libc_nano.a
LOAD D:/STM32CubeIDE_1.13.0/STM32CubeIDE/plugins/com.st.stm32cube.ide.mcu.externaltools.gnu-tools-for-stm32.11.3.rel1.win32_1.1.0.202305231506/tools/bin/../lib/gcc/arm-none-eabi/11.3.1/../../../../arm-none-eabi/lib/thumb/v7e-m+dp/hard\libnosys.a
END GROUP
LOAD D:/STM32CubeIDE_1.13.0/STM32CubeIDE/plugins/com.st.stm32cube.ide.mcu.externaltools.gnu-tools-for-stm32.11.3.rel1.win32_1.1.0.202305231506/tools/bin/../lib/gcc/arm-none-eabi/11.3.1/thumb/v7e-m+dp/hard/crtend.o
LOAD D:/STM32CubeIDE_1.13.0/STM32CubeIDE/plugins/com.st.stm32cube.ide.mcu.externaltools.gnu-tools-for-stm32.11.3.rel1.win32_1.1.0.202305231506/tools/bin/../lib/gcc/arm-none-eabi/11.3.1/thumb/v7e-m+dp/hard/crtn.o
                0x0000000020080000                _estack = (ORIGIN (RAM) + LENGTH (RAM))
                0x0000000000000200                _Min_Heap_Size = 0x200
                0x0000000000000400                _Min_Stack_Size = 0x400

.isr_vector     0x0000000008000000      0x1f8
                0x0000000008000000                . = ALIGN (0x4)
 *(.isr_vector)
 .isr_vector    0x0000000008000000      0x1f8 ./Core/Startup/startup_stm32f767zitx.o
                0x0000000008000000                g_pfnVectors
                0x00000000080001f8                . = ALIGN (0x4)

.text           0x00000000080001f8     0x2b50
                0x00000000080001f8                . = ALIGN (0x4)
 *(.text)
 .text          0x00000000080001f8       0x40 D:/STM32CubeIDE_1.13.0/STM32CubeIDE/plugins/com.st.stm32cube.ide.mcu.externaltools.gnu-tools-for-stm32.11.3.rel1.win32_1.1.0.202305231506/tools/bin/../lib/gcc/arm-none-eabi/11.3.1/thumb/v7e-m+dp/hard/crtbegin.o
 .text          0x0000000008000238       0x10 D:/STM32CubeIDE_1.13.0/STM32CubeIDE/plugins/com.st.stm32cube.ide.mcu.externaltools.gnu-tools-for-stm32.11.3.rel1.win32_1.1.0.202305231506/tools/bin/../lib/gcc/arm-none-eabi/11.3.1/../../../../arm-none-eabi/lib/thumb/v7e-m+dp/hard\libc_nano.a(libc_a-strlen.o)
                0x0000000008000238                strlen
 .text          0x0000000008000248       0x30 D:/STM32CubeIDE_1.13.0/STM32CubeIDE/plugins/com.st.stm32cube.ide.mcu.externaltools.gnu-tools-for-stm32.11.3.rel1.win32_1.1.0.202305231506/tools/bin/../lib/gcc/arm-none-eabi/11.3.1/thumb/v7e-m+dp/hard\libgcc.a(_aeabi_uldivmod.o)
                0x0000000008000248                __aeabi_uldivmod
 .text          0x0000000008000278      0x2c8 D:/STM32CubeIDE_1.13.0/STM32CubeIDE/plugins/com.st.stm32cube.ide.mcu.externaltools.gnu-tools-for-stm32.11.3.rel1.win32_1.1.0.202305231506/tools/bin/../lib/gcc/arm-none-eabi/11.3.1/thumb/v7e-m+dp/hard\libgcc.a(_udivmoddi4.o)
                0x0000000008000278                __udivmoddi4
 .text          0x0000000008000540        0x4 D:/STM32CubeIDE_1.13.0/STM32CubeIDE/plugins/com.st.stm32cube.ide.mcu.externaltools.gnu-tools-for-stm32.11.3.rel1.win32_1.1.0.202305231506/tools/bin/../lib/gcc/arm-none-eabi/11.3.1/thumb/v7e-m+dp/hard\libgcc.a(_dvmd_tls.o)
                0x0000000008000540                __aeabi_idiv0
                0x0000000008000540                __aeabi_ldiv0
 *(.text*)
 .text.MX_GPIO_Init
                0x0000000008000544      0x110 ./Core/Src/gpio.o
                0x0000000008000544                MX_GPIO_Init
 .text.main     0x0000000008000654       0x4c ./Core/Src/main.o
                0x0000000008000654                main
 .text.SystemClock_Config
                0x00000000080006a0       0xb8 ./Core/Src/main.o
                0x00000000080006a0                SystemClock_Config
 .text.HAL_GPIO_EXTI_Callback
                0x0000000008000758       0xa4 ./Core/Src/main.o
                0x0000000008000758                HAL_GPIO_EXTI_Callback
 .text.Error_Handler
                0x00000000080007fc        0xa ./Core/Src/main.o
                0x00000000080007fc                Error_Handler
 *fill*         0x0000000008000806        0x2 
 .text.HAL_MspInit
                0x0000000008000808       0x48 ./Core/Src/stm32f7xx_hal_msp.o
                0x0000000008000808                HAL_MspInit
 .text.NMI_Handler
                0x0000000008000850        0x6 ./Core/Src/stm32f7xx_it.o
                0x0000000008000850                NMI_Handler
 .text.HardFault_Handler
                0x0000000008000856        0x6 ./Core/Src/stm32f7xx_it.o
                0x0000000008000856                HardFault_Handler
 .text.MemManage_Handler
                0x000000000800085c        0x6 ./Core/Src/stm32f7xx_it.o
                0x000000000800085c                MemManage_Handler
 .text.BusFault_Handler
                0x0000000008000862        0x6 ./Core/Src/stm32f7xx_it.o
                0x0000000008000862                BusFault_Handler
 .text.UsageFault_Handler
                0x0000000008000868        0x6 ./Core/Src/stm32f7xx_it.o
                0x0000000008000868                UsageFault_Handler
 .text.SVC_Handler
                0x000000000800086e        0xe ./Core/Src/stm32f7xx_it.o
                0x000000000800086e                SVC_Handler
 .text.DebugMon_Handler
                0x000000000800087c        0xe ./Core/Src/stm32f7xx_it.o
                0x000000000800087c                DebugMon_Handler
 .text.PendSV_Handler
                0x000000000800088a        0xe ./Core/Src/stm32f7xx_it.o
                0x000000000800088a                PendSV_Handler
 .text.SysTick_Handler
                0x0000000008000898        0xc ./Core/Src/stm32f7xx_it.o
                0x0000000008000898                SysTick_Handler
 .text.EXTI0_IRQHandler
                0x00000000080008a4       0x1c ./Core/Src/stm32f7xx_it.o
                0x00000000080008a4                EXTI0_IRQHandler
 .text.EXTI15_10_IRQHandler
                0x00000000080008c0       0x1c ./Core/Src/stm32f7xx_it.o
                0x00000000080008c0                EXTI15_10_IRQHandler
 .text.SystemInit
                0x00000000080008dc       0x24 ./Core/Src/system_stm32f7xx.o
                0x00000000080008dc                SystemInit
 .text.MX_USART3_UART_Init
                0x0000000008000900       0x60 ./Core/Src/usart.o
                0x0000000008000900                MX_USART3_UART_Init
 .text.HAL_UART_MspInit
                0x0000000008000960       0xc0 ./Core/Src/usart.o
                0x0000000008000960                HAL_UART_MspInit
 .text.Reset_Handler
                0x0000000008000a20       0x50 ./Core/Startup/startup_stm32f767zitx.o
                0x0000000008000a20                Reset_Handler
 .text.Default_Handler
                0x0000000008000a70        0x2 ./Core/Startup/startup_stm32f767zitx.o
                0x0000000008000a70                RTC_Alarm_IRQHandler
                0x0000000008000a70                EXTI2_IRQHandler
                0x0000000008000a70                TIM8_CC_IRQHandler
                0x0000000008000a70                UART8_IRQHandler
                0x0000000008000a70                SPI4_IRQHandler
                0x0000000008000a70                TIM1_CC_IRQHandler
                0x0000000008000a70                DMA2_Stream5_IRQHandler
                0x0000000008000a70                JPEG_IRQHandler
                0x0000000008000a70                DMA1_Stream5_IRQHandler
                0x0000000008000a70                CAN3_RX1_IRQHandler
                0x0000000008000a70                PVD_IRQHandler
                0x0000000008000a70                TAMP_STAMP_IRQHandler
                0x0000000008000a70                CAN2_RX1_IRQHandler
                0x0000000008000a70                EXTI3_IRQHandler
                0x0000000008000a70                TIM8_TRG_COM_TIM14_IRQHandler
                0x0000000008000a70                DFSDM1_FLT1_IRQHandler
                0x0000000008000a70                TIM1_UP_TIM10_IRQHandler
                0x0000000008000a70                TIM8_UP_TIM13_IRQHandler
                0x0000000008000a70                I2C3_ER_IRQHandler
                0x0000000008000a70                DFSDM1_FLT2_IRQHandler
                0x0000000008000a70                I2C2_EV_IRQHandler
                0x0000000008000a70                DMA1_Stream2_IRQHandler
                0x0000000008000a70                CAN1_RX0_IRQHandler
                0x0000000008000a70                FPU_IRQHandler
                0x0000000008000a70                OTG_HS_WKUP_IRQHandler
                0x0000000008000a70                CAN3_SCE_IRQHandler
                0x0000000008000a70                LTDC_ER_IRQHandler
                0x0000000008000a70                CAN2_SCE_IRQHandler
                0x0000000008000a70                DMA2_Stream2_IRQHandler
                0x0000000008000a70                SPI1_IRQHandler
                0x0000000008000a70                TIM6_DAC_IRQHandler
                0x0000000008000a70                TIM1_BRK_TIM9_IRQHandler
                0x0000000008000a70                DCMI_IRQHandler
                0x0000000008000a70                CAN2_RX0_IRQHandler
                0x0000000008000a70                DMA2_Stream3_IRQHandler
                0x0000000008000a70                SAI2_IRQHandler
                0x0000000008000a70                DFSDM1_FLT3_IRQHandler
                0x0000000008000a70                USART6_IRQHandler
                0x0000000008000a70                CAN3_RX0_IRQHandler
                0x0000000008000a70                USART3_IRQHandler
                0x0000000008000a70                CAN1_RX1_IRQHandler
                0x0000000008000a70                UART5_IRQHandler
                0x0000000008000a70                DMA2_Stream0_IRQHandler
                0x0000000008000a70                TIM4_IRQHandler
                0x0000000008000a70                QUADSPI_IRQHandler
                0x0000000008000a70                I2C1_EV_IRQHandler
                0x0000000008000a70                DMA1_Stream6_IRQHandler
                0x0000000008000a70                DMA1_Stream1_IRQHandler
                0x0000000008000a70                UART4_IRQHandler
                0x0000000008000a70                TIM3_IRQHandler
                0x0000000008000a70                RCC_IRQHandler
                0x0000000008000a70                TIM8_BRK_TIM12_IRQHandler
                0x0000000008000a70                Default_Handler
                0x0000000008000a70                CEC_IRQHandler
                0x0000000008000a70                ADC_IRQHandler
                0x0000000008000a70                DMA1_Stream7_IRQHandler
                0x0000000008000a70                SPI5_IRQHandler
                0x0000000008000a70                TIM7_IRQHandler
                0x0000000008000a70                SDMMC1_IRQHandler
                0x0000000008000a70                CAN2_TX_IRQHandler
                0x0000000008000a70                TIM5_IRQHandler
                0x0000000008000a70                DMA2_Stream7_IRQHandler
                0x0000000008000a70                I2C3_EV_IRQHandler
                0x0000000008000a70                EXTI9_5_IRQHandler
                0x0000000008000a70                RTC_WKUP_IRQHandler
                0x0000000008000a70                LTDC_IRQHandler
                0x0000000008000a70                ETH_WKUP_IRQHandler
                0x0000000008000a70                SPDIF_RX_IRQHandler
                0x0000000008000a70                SPI2_IRQHandler
                0x0000000008000a70                OTG_HS_EP1_IN_IRQHandler
                0x0000000008000a70                DMA1_Stream0_IRQHandler
                0x0000000008000a70                CAN1_TX_IRQHandler
                0x0000000008000a70                EXTI4_IRQHandler
                0x0000000008000a70                RNG_IRQHandler
                0x0000000008000a70                ETH_IRQHandler
                0x0000000008000a70                OTG_HS_EP1_OUT_IRQHandler
                0x0000000008000a70                WWDG_IRQHandler
                0x0000000008000a70                SPI6_IRQHandler
                0x0000000008000a70                MDIOS_IRQHandler
                0x0000000008000a70                I2C4_EV_IRQHandler
                0x0000000008000a70                CAN3_TX_IRQHandler
                0x0000000008000a70                TIM2_IRQHandler
                0x0000000008000a70                OTG_FS_WKUP_IRQHandler
                0x0000000008000a70                TIM1_TRG_COM_TIM11_IRQHandler
                0x0000000008000a70                OTG_HS_IRQHandler
                0x0000000008000a70                DMA2D_IRQHandler
                0x0000000008000a70                EXTI1_IRQHandler
                0x0000000008000a70                SDMMC2_IRQHandler
                0x0000000008000a70                UART7_IRQHandler
                0x0000000008000a70                USART2_IRQHandler
                0x0000000008000a70                DFSDM1_FLT0_IRQHandler
                0x0000000008000a70                I2C2_ER_IRQHandler
                0x0000000008000a70                DMA2_Stream1_IRQHandler
                0x0000000008000a70                CAN1_SCE_IRQHandler
                0x0000000008000a70                FLASH_IRQHandler
                0x0000000008000a70                DMA2_Stream4_IRQHandler
                0x0000000008000a70                USART1_IRQHandler
                0x0000000008000a70                OTG_FS_IRQHandler
                0x0000000008000a70                SPI3_IRQHandler
                0x0000000008000a70                DMA1_Stream4_IRQHandler
                0x0000000008000a70                I2C1_ER_IRQHandler
                0x0000000008000a70                FMC_IRQHandler
                0x0000000008000a70                LPTIM1_IRQHandler
                0x0000000008000a70                I2C4_ER_IRQHandler
                0x0000000008000a70                DMA2_Stream6_IRQHandler
                0x0000000008000a70                SAI1_IRQHandler
                0x0000000008000a70                DMA1_Stream3_IRQHandler
 .text.HAL_Init
                0x0000000008000a72       0x1a ./Drivers/STM32F7xx_HAL_Driver/stm32f7xx_hal.o
                0x0000000008000a72                HAL_Init
 .text.HAL_InitTick
                0x0000000008000a8c       0x60 ./Drivers/STM32F7xx_HAL_Driver/stm32f7xx_hal.o
                0x0000000008000a8c                HAL_InitTick
 .text.HAL_IncTick
                0x0000000008000aec       0x28 ./Drivers/STM32F7xx_HAL_Driver/stm32f7xx_hal.o
                0x0000000008000aec                HAL_IncTick
 .text.HAL_GetTick
                0x0000000008000b14       0x18 ./Drivers/STM32F7xx_HAL_Driver/stm32f7xx_hal.o
                0x0000000008000b14                HAL_GetTick
 .text.HAL_Delay
                0x0000000008000b2c       0x48 ./Drivers/STM32F7xx_HAL_Driver/stm32f7xx_hal.o
                0x0000000008000b2c                HAL_Delay
 .text.__NVIC_SetPriorityGrouping
                0x0000000008000b74       0x48 ./Drivers/STM32F7xx_HAL_Driver/stm32f7xx_hal_cortex.o
 .text.__NVIC_GetPriorityGrouping
                0x0000000008000bbc       0x1c ./Drivers/STM32F7xx_HAL_Driver/stm32f7xx_hal_cortex.o
 .text.__NVIC_EnableIRQ
                0x0000000008000bd8       0x3c ./Drivers/STM32F7xx_HAL_Driver/stm32f7xx_hal_cortex.o
 .text.__NVIC_SetPriority
                0x0000000008000c14       0x54 ./Drivers/STM32F7xx_HAL_Driver/stm32f7xx_hal_cortex.o
 .text.NVIC_EncodePriority
                0x0000000008000c68       0x66 ./Drivers/STM32F7xx_HAL_Driver/stm32f7xx_hal_cortex.o
 *fill*         0x0000000008000cce        0x2 
 .text.SysTick_Config
                0x0000000008000cd0       0x44 ./Drivers/STM32F7xx_HAL_Driver/stm32f7xx_hal_cortex.o
 .text.HAL_NVIC_SetPriorityGrouping
                0x0000000008000d14       0x16 ./Drivers/STM32F7xx_HAL_Driver/stm32f7xx_hal_cortex.o
                0x0000000008000d14                HAL_NVIC_SetPriorityGrouping
 .text.HAL_NVIC_SetPriority
                0x0000000008000d2a       0x38 ./Drivers/STM32F7xx_HAL_Driver/stm32f7xx_hal_cortex.o
                0x0000000008000d2a                HAL_NVIC_SetPriority
 .text.HAL_NVIC_EnableIRQ
                0x0000000008000d62       0x1c ./Drivers/STM32F7xx_HAL_Driver/stm32f7xx_hal_cortex.o
                0x0000000008000d62                HAL_NVIC_EnableIRQ
 .text.HAL_SYSTICK_Config
                0x0000000008000d7e       0x18 ./Drivers/STM32F7xx_HAL_Driver/stm32f7xx_hal_cortex.o
                0x0000000008000d7e                HAL_SYSTICK_Config
 *fill*         0x0000000008000d96        0x2 
 .text.HAL_GPIO_Init
                0x0000000008000d98      0x358 ./Drivers/STM32F7xx_HAL_Driver/stm32f7xx_hal_gpio.o
                0x0000000008000d98                HAL_GPIO_Init
 .text.HAL_GPIO_WritePin
                0x00000000080010f0       0x32 ./Drivers/STM32F7xx_HAL_Driver/stm32f7xx_hal_gpio.o
                0x00000000080010f0                HAL_GPIO_WritePin
 .text.HAL_GPIO_TogglePin
                0x0000000008001122       0x34 ./Drivers/STM32F7xx_HAL_Driver/stm32f7xx_hal_gpio.o
                0x0000000008001122                HAL_GPIO_TogglePin
 *fill*         0x0000000008001156        0x2 
 .text.HAL_GPIO_EXTI_IRQHandler
                0x0000000008001158       0x30 ./Drivers/STM32F7xx_HAL_Driver/stm32f7xx_hal_gpio.o
                0x0000000008001158                HAL_GPIO_EXTI_IRQHandler
 .text.HAL_RCC_OscConfig
                0x0000000008001188      0x55c ./Drivers/STM32F7xx_HAL_Driver/stm32f7xx_hal_rcc.o
                0x0000000008001188                HAL_RCC_OscConfig
 .text.HAL_RCC_ClockConfig
                0x00000000080016e4      0x1d8 ./Drivers/STM32F7xx_HAL_Driver/stm32f7xx_hal_rcc.o
                0x00000000080016e4                HAL_RCC_ClockConfig
 .text.HAL_RCC_GetSysClockFreq
                0x00000000080018bc      0x18c ./Drivers/STM32F7xx_HAL_Driver/stm32f7xx_hal_rcc.o
                0x00000000080018bc                HAL_RCC_GetSysClockFreq
 .text.HAL_RCC_GetHCLKFreq
                0x0000000008001a48       0x18 ./Drivers/STM32F7xx_HAL_Driver/stm32f7xx_hal_rcc.o
                0x0000000008001a48                HAL_RCC_GetHCLKFreq
 .text.HAL_RCC_GetPCLK1Freq
                0x0000000008001a60       0x28 ./Drivers/STM32F7xx_HAL_Driver/stm32f7xx_hal_rcc.o
                0x0000000008001a60                HAL_RCC_GetPCLK1Freq
 .text.HAL_RCC_GetPCLK2Freq
                0x0000000008001a88       0x28 ./Drivers/STM32F7xx_HAL_Driver/stm32f7xx_hal_rcc.o
                0x0000000008001a88                HAL_RCC_GetPCLK2Freq
 .text.HAL_RCCEx_PeriphCLKConfig
                0x0000000008001ab0      0x850 ./Drivers/STM32F7xx_HAL_Driver/stm32f7xx_hal_rcc_ex.o
                0x0000000008001ab0                HAL_RCCEx_PeriphCLKConfig
 .text.HAL_UART_Init
                0x0000000008002300       0x9c ./Drivers/STM32F7xx_HAL_Driver/stm32f7xx_hal_uart.o
                0x0000000008002300                HAL_UART_Init
 .text.HAL_UART_Transmit
                0x000000000800239c      0x106 ./Drivers/STM32F7xx_HAL_Driver/stm32f7xx_hal_uart.o
                0x000000000800239c                HAL_UART_Transmit
 *fill*         0x00000000080024a2        0x2 
 .text.UART_SetConfig
                0x00000000080024a4      0x4c8 ./Drivers/STM32F7xx_HAL_Driver/stm32f7xx_hal_uart.o
                0x00000000080024a4                UART_SetConfig
 .text.UART_AdvFeatureConfig
                0x000000000800296c      0x144 ./Drivers/STM32F7xx_HAL_Driver/stm32f7xx_hal_uart.o
                0x000000000800296c                UART_AdvFeatureConfig
 .text.UART_CheckIdleState
                0x0000000008002ab0       0x9a ./Drivers/STM32F7xx_HAL_Driver/stm32f7xx_hal_uart.o
                0x0000000008002ab0                UART_CheckIdleState
 .text.UART_WaitOnFlagUntilTimeout
                0x0000000008002b4a      0x18c ./Drivers/STM32F7xx_HAL_Driver/stm32f7xx_hal_uart.o
                0x0000000008002b4a                UART_WaitOnFlagUntilTimeout
 .text.memset   0x0000000008002cd6       0x10 D:/STM32CubeIDE_1.13.0/STM32CubeIDE/plugins/com.st.stm32cube.ide.mcu.externaltools.gnu-tools-for-stm32.11.3.rel1.win32_1.1.0.202305231506/tools/bin/../lib/gcc/arm-none-eabi/11.3.1/../../../../arm-none-eabi/lib/thumb/v7e-m+dp/hard\libc_nano.a(libc_a-memset.o)
                0x0000000008002cd6                memset
 *fill*         0x0000000008002ce6        0x2 
 .text.__libc_init_array
                0x0000000008002ce8       0x48 D:/STM32CubeIDE_1.13.0/STM32CubeIDE/plugins/com.st.stm32cube.ide.mcu.externaltools.gnu-tools-for-stm32.11.3.rel1.win32_1.1.0.202305231506/tools/bin/../lib/gcc/arm-none-eabi/11.3.1/../../../../arm-none-eabi/lib/thumb/v7e-m+dp/hard\libc_nano.a(libc_a-init.o)
                0x0000000008002ce8                __libc_init_array
 *(.glue_7)
 .glue_7        0x0000000008002d30        0x0 linker stubs
 *(.glue_7t)
 .glue_7t       0x0000000008002d30        0x0 linker stubs
 *(.eh_frame)
 .eh_frame      0x0000000008002d30        0x0 D:/STM32CubeIDE_1.13.0/STM32CubeIDE/plugins/com.st.stm32cube.ide.mcu.externaltools.gnu-tools-for-stm32.11.3.rel1.win32_1.1.0.202305231506/tools/bin/../lib/gcc/arm-none-eabi/11.3.1/thumb/v7e-m+dp/hard/crtbegin.o
 *(.init)
 .init          0x0000000008002d30        0x4 D:/STM32CubeIDE_1.13.0/STM32CubeIDE/plugins/com.st.stm32cube.ide.mcu.externaltools.gnu-tools-for-stm32.11.3.rel1.win32_1.1.0.202305231506/tools/bin/../lib/gcc/arm-none-eabi/11.3.1/thumb/v7e-m+dp/hard/crti.o
                0x0000000008002d30                _init
 .init          0x0000000008002d34        0x8 D:/STM32CubeIDE_1.13.0/STM32CubeIDE/plugins/com.st.stm32cube.ide.mcu.externaltools.gnu-tools-for-stm32.11.3.rel1.win32_1.1.0.202305231506/tools/bin/../lib/gcc/arm-none-eabi/11.3.1/thumb/v7e-m+dp/hard/crtn.o
 *(.fini)
 .fini          0x0000000008002d3c        0x4 D:/STM32CubeIDE_1.13.0/STM32CubeIDE/plugins/com.st.stm32cube.ide.mcu.externaltools.gnu-tools-for-stm32.11.3.rel1.win32_1.1.0.202305231506/tools/bin/../lib/gcc/arm-none-eabi/11.3.1/thumb/v7e-m+dp/hard/crti.o
                0x0000000008002d3c                _fini
 .fini          0x0000000008002d40        0x8 D:/STM32CubeIDE_1.13.0/STM32CubeIDE/plugins/com.st.stm32cube.ide.mcu.externaltools.gnu-tools-for-stm32.11.3.rel1.win32_1.1.0.202305231506/tools/bin/../lib/gcc/arm-none-eabi/11.3.1/thumb/v7e-m+dp/hard/crtn.o
                0x0000000008002d48                . = ALIGN (0x4)
                0x0000000008002d48                _etext = .

.vfp11_veneer   0x0000000008002d48        0x0
 .vfp11_veneer  0x0000000008002d48        0x0 linker stubs

.v4_bx          0x0000000008002d48        0x0
 .v4_bx         0x0000000008002d48        0x0 linker stubs

.iplt           0x0000000008002d48        0x0
 .iplt          0x0000000008002d48        0x0 D:/STM32CubeIDE_1.13.0/STM32CubeIDE/plugins/com.st.stm32cube.ide.mcu.externaltools.gnu-tools-for-stm32.11.3.rel1.win32_1.1.0.202305231506/tools/bin/../lib/gcc/arm-none-eabi/11.3.1/thumb/v7e-m+dp/hard/crtbegin.o

.rodata         0x0000000008002d48       0x24
                0x0000000008002d48                . = ALIGN (0x4)
 *(.rodata)
 .rodata        0x0000000008002d48        0xa ./Core/Src/main.o
 *(.rodata*)
 *fill*         0x0000000008002d52        0x2 
 .rodata.AHBPrescTable
                0x0000000008002d54       0x10 ./Core/Src/system_stm32f7xx.o
                0x0000000008002d54                AHBPrescTable
 .rodata.APBPrescTable
                0x0000000008002d64        0x8 ./Core/Src/system_stm32f7xx.o
                0x0000000008002d64                APBPrescTable
                0x0000000008002d6c                . = ALIGN (0x4)

.ARM.extab      0x0000000008002d6c        0x0
                0x0000000008002d6c                . = ALIGN (0x4)
 *(.ARM.extab* .gnu.linkonce.armextab.*)
                0x0000000008002d6c                . = ALIGN (0x4)

.ARM            0x0000000008002d6c        0x8
                0x0000000008002d6c                . = ALIGN (0x4)
                0x0000000008002d6c                __exidx_start = .
 *(.ARM.exidx*)
 .ARM.exidx     0x0000000008002d6c        0x8 D:/STM32CubeIDE_1.13.0/STM32CubeIDE/plugins/com.st.stm32cube.ide.mcu.externaltools.gnu-tools-for-stm32.11.3.rel1.win32_1.1.0.202305231506/tools/bin/../lib/gcc/arm-none-eabi/11.3.1/thumb/v7e-m+dp/hard\libgcc.a(_udivmoddi4.o)
                0x0000000008002d74                __exidx_end = .
                0x0000000008002d74                . = ALIGN (0x4)

.rel.dyn        0x0000000008002d74        0x0
 .rel.iplt      0x0000000008002d74        0x0 D:/STM32CubeIDE_1.13.0/STM32CubeIDE/plugins/com.st.stm32cube.ide.mcu.externaltools.gnu-tools-for-stm32.11.3.rel1.win32_1.1.0.202305231506/tools/bin/../lib/gcc/arm-none-eabi/11.3.1/thumb/v7e-m+dp/hard/crtbegin.o

.preinit_array  0x0000000008002d74        0x0
                0x0000000008002d74                . = ALIGN (0x4)
                0x0000000008002d74                PROVIDE (__preinit_array_start = .)
 *(.preinit_array*)
                0x0000000008002d74                PROVIDE (__preinit_array_end = .)
                0x0000000008002d74                . = ALIGN (0x4)

.init_array     0x0000000008002d74        0x4
                0x0000000008002d74                . = ALIGN (0x4)
                0x0000000008002d74                PROVIDE (__init_array_start = .)
 *(SORT_BY_NAME(.init_array.*))
 *(.init_array*)
 .init_array    0x0000000008002d74        0x4 D:/STM32CubeIDE_1.13.0/STM32CubeIDE/plugins/com.st.stm32cube.ide.mcu.externaltools.gnu-tools-for-stm32.11.3.rel1.win32_1.1.0.202305231506/tools/bin/../lib/gcc/arm-none-eabi/11.3.1/thumb/v7e-m+dp/hard/crtbegin.o
                0x0000000008002d78                PROVIDE (__init_array_end = .)
                0x0000000008002d78                . = ALIGN (0x4)

.fini_array     0x0000000008002d78        0x4
                0x0000000008002d78                . = ALIGN (0x4)
                [!provide]                        PROVIDE (__fini_array_start = .)
 *(SORT_BY_NAME(.fini_array.*))
 *(.fini_array*)
 .fini_array    0x0000000008002d78        0x4 D:/STM32CubeIDE_1.13.0/STM32CubeIDE/plugins/com.st.stm32cube.ide.mcu.externaltools.gnu-tools-for-stm32.11.3.rel1.win32_1.1.0.202305231506/tools/bin/../lib/gcc/arm-none-eabi/11.3.1/thumb/v7e-m+dp/hard/crtbegin.o
                [!provide]                        PROVIDE (__fini_array_end = .)
                0x0000000008002d7c                . = ALIGN (0x4)
                0x0000000008002d7c                _sidata = LOADADDR (.data)

.data           0x0000000020000000       0x10 load address 0x0000000008002d7c
                0x0000000020000000                . = ALIGN (0x4)
                0x0000000020000000                _sdata = .
 *(.data)
 *(.data*)
 .data.str      0x0000000020000000        0x2 ./Core/Src/main.o
                0x0000000020000000                str
 *fill*         0x0000000020000002        0x2 
 .data.SystemCoreClock
                0x0000000020000004        0x4 ./Core/Src/system_stm32f7xx.o
                0x0000000020000004                SystemCoreClock
 .data.uwTickPrio
                0x0000000020000008        0x4 ./Drivers/STM32F7xx_HAL_Driver/stm32f7xx_hal.o
                0x0000000020000008                uwTickPrio
 .data.uwTickFreq
                0x000000002000000c        0x1 ./Drivers/STM32F7xx_HAL_Driver/stm32f7xx_hal.o
                0x000000002000000c                uwTickFreq
 *(.RamFunc)
 *(.RamFunc*)
                0x0000000020000010                . = ALIGN (0x4)
 *fill*         0x000000002000000d        0x3 
                0x0000000020000010                _edata = .

.igot.plt       0x0000000020000010        0x0 load address 0x0000000008002d8c
 .igot.plt      0x0000000020000010        0x0 D:/STM32CubeIDE_1.13.0/STM32CubeIDE/plugins/com.st.stm32cube.ide.mcu.externaltools.gnu-tools-for-stm32.11.3.rel1.win32_1.1.0.202305231506/tools/bin/../lib/gcc/arm-none-eabi/11.3.1/thumb/v7e-m+dp/hard/crtbegin.o
                0x0000000020000010                . = ALIGN (0x4)

.bss            0x0000000020000010       0xa8 load address 0x0000000008002d8c
                0x0000000020000010                _sbss = .
                0x0000000020000010                __bss_start__ = _sbss
 *(.bss)
 .bss           0x0000000020000010       0x1c D:/STM32CubeIDE_1.13.0/STM32CubeIDE/plugins/com.st.stm32cube.ide.mcu.externaltools.gnu-tools-for-stm32.11.3.rel1.win32_1.1.0.202305231506/tools/bin/../lib/gcc/arm-none-eabi/11.3.1/thumb/v7e-m+dp/hard/crtbegin.o
 *(.bss*)
 .bss.huart3    0x000000002000002c       0x88 ./Core/Src/usart.o
                0x000000002000002c                huart3
 .bss.uwTick    0x00000000200000b4        0x4 ./Drivers/STM32F7xx_HAL_Driver/stm32f7xx_hal.o
                0x00000000200000b4                uwTick
 *(COMMON)
                0x00000000200000b8                . = ALIGN (0x4)
                0x00000000200000b8                _ebss = .
                0x00000000200000b8                __bss_end__ = _ebss

._user_heap_stack
                0x00000000200000b8      0x600 load address 0x0000000008002d8c
                0x00000000200000b8                . = ALIGN (0x8)
                [!provide]                        PROVIDE (end = .)
                0x00000000200000b8                PROVIDE (_end = .)
                0x00000000200002b8                . = (. + _Min_Heap_Size)
 *fill*         0x00000000200000b8      0x200 
                0x00000000200006b8                . = (. + _Min_Stack_Size)
 *fill*         0x00000000200002b8      0x400 
                0x00000000200006b8                . = ALIGN (0x8)

/DISCARD/
 libc.a(*)
 libm.a(*)
 libgcc.a(*)

.ARM.attributes
                0x0000000000000000       0x2e
 *(.ARM.attributes)
 .ARM.attributes
                0x0000000000000000       0x1e D:/STM32CubeIDE_1.13.0/STM32CubeIDE/plugins/com.st.stm32cube.ide.mcu.externaltools.gnu-tools-for-stm32.11.3.rel1.win32_1.1.0.202305231506/tools/bin/../lib/gcc/arm-none-eabi/11.3.1/thumb/v7e-m+dp/hard/crti.o
 .ARM.attributes
                0x000000000000001e       0x32 D:/STM32CubeIDE_1.13.0/STM32CubeIDE/plugins/com.st.stm32cube.ide.mcu.externaltools.gnu-tools-for-stm32.11.3.rel1.win32_1.1.0.202305231506/tools/bin/../lib/gcc/arm-none-eabi/11.3.1/thumb/v7e-m+dp/hard/crtbegin.o
 .ARM.attributes
                0x0000000000000050       0x32 ./Core/Src/gpio.o
 .ARM.attributes
                0x0000000000000082       0x32 ./Core/Src/main.o
 .ARM.attributes
                0x00000000000000b4       0x32 ./Core/Src/stm32f7xx_hal_msp.o
 .ARM.attributes
                0x00000000000000e6       0x32 ./Core/Src/stm32f7xx_it.o
 .ARM.attributes
                0x0000000000000118       0x32 ./Core/Src/system_stm32f7xx.o
 .ARM.attributes
                0x000000000000014a       0x32 ./Core/Src/usart.o
 .ARM.attributes
                0x000000000000017c       0x21 ./Core/Startup/startup_stm32f767zitx.o
 .ARM.attributes
                0x000000000000019d       0x32 ./Drivers/STM32F7xx_HAL_Driver/stm32f7xx_hal.o
 .ARM.attributes
                0x00000000000001cf       0x32 ./Drivers/STM32F7xx_HAL_Driver/stm32f7xx_hal_cortex.o
 .ARM.attributes
                0x0000000000000201       0x32 ./Drivers/STM32F7xx_HAL_Driver/stm32f7xx_hal_gpio.o
 .ARM.attributes
                0x0000000000000233       0x32 ./Drivers/STM32F7xx_HAL_Driver/stm32f7xx_hal_rcc.o
 .ARM.attributes
                0x0000000000000265       0x32 ./Drivers/STM32F7xx_HAL_Driver/stm32f7xx_hal_rcc_ex.o
 .ARM.attributes
                0x0000000000000297       0x32 ./Drivers/STM32F7xx_HAL_Driver/stm32f7xx_hal_uart.o
 .ARM.attributes
                0x00000000000002c9       0x32 D:/STM32CubeIDE_1.13.0/STM32CubeIDE/plugins/com.st.stm32cube.ide.mcu.externaltools.gnu-tools-for-stm32.11.3.rel1.win32_1.1.0.202305231506/tools/bin/../lib/gcc/arm-none-eabi/11.3.1/../../../../arm-none-eabi/lib/thumb/v7e-m+dp/hard\libc_nano.a(libc_a-memset.o)
 .ARM.attributes
                0x00000000000002fb       0x32 D:/STM32CubeIDE_1.13.0/STM32CubeIDE/plugins/com.st.stm32cube.ide.mcu.externaltools.gnu-tools-for-stm32.11.3.rel1.win32_1.1.0.202305231506/tools/bin/../lib/gcc/arm-none-eabi/11.3.1/../../../../arm-none-eabi/lib/thumb/v7e-m+dp/hard\libc_nano.a(libc_a-init.o)
 .ARM.attributes
                0x000000000000032d       0x17 D:/STM32CubeIDE_1.13.0/STM32CubeIDE/plugins/com.st.stm32cube.ide.mcu.externaltools.gnu-tools-for-stm32.11.3.rel1.win32_1.1.0.202305231506/tools/bin/../lib/gcc/arm-none-eabi/11.3.1/../../../../arm-none-eabi/lib/thumb/v7e-m+dp/hard\libc_nano.a(libc_a-strlen.o)
 .ARM.attributes
                0x0000000000000344       0x1e D:/STM32CubeIDE_1.13.0/STM32CubeIDE/plugins/com.st.stm32cube.ide.mcu.externaltools.gnu-tools-for-stm32.11.3.rel1.win32_1.1.0.202305231506/tools/bin/../lib/gcc/arm-none-eabi/11.3.1/thumb/v7e-m+dp/hard\libgcc.a(_aeabi_uldivmod.o)
 .ARM.attributes
                0x0000000000000362       0x32 D:/STM32CubeIDE_1.13.0/STM32CubeIDE/plugins/com.st.stm32cube.ide.mcu.externaltools.gnu-tools-for-stm32.11.3.rel1.win32_1.1.0.202305231506/tools/bin/../lib/gcc/arm-none-eabi/11.3.1/thumb/v7e-m+dp/hard\libgcc.a(_udivmoddi4.o)
 .ARM.attributes
                0x0000000000000394       0x1e D:/STM32CubeIDE_1.13.0/STM32CubeIDE/plugins/com.st.stm32cube.ide.mcu.externaltools.gnu-tools-for-stm32.11.3.rel1.win32_1.1.0.202305231506/tools/bin/../lib/gcc/arm-none-eabi/11.3.1/thumb/v7e-m+dp/hard\libgcc.a(_dvmd_tls.o)
 .ARM.attributes
                0x00000000000003b2       0x1e D:/STM32CubeIDE_1.13.0/STM32CubeIDE/plugins/com.st.stm32cube.ide.mcu.externaltools.gnu-tools-for-stm32.11.3.rel1.win32_1.1.0.202305231506/tools/bin/../lib/gcc/arm-none-eabi/11.3.1/thumb/v7e-m+dp/hard/crtn.o
OUTPUT(Lab04.elf elf32-littlearm)
LOAD linker stubs
LOAD D:/STM32CubeIDE_1.13.0/STM32CubeIDE/plugins/com.st.stm32cube.ide.mcu.externaltools.gnu-tools-for-stm32.11.3.rel1.win32_1.1.0.202305231506/tools/bin/../lib/gcc/arm-none-eabi/11.3.1/../../../../arm-none-eabi/lib/thumb/v7e-m+dp/hard\libc.a
LOAD D:/STM32CubeIDE_1.13.0/STM32CubeIDE/plugins/com.st.stm32cube.ide.mcu.externaltools.gnu-tools-for-stm32.11.3.rel1.win32_1.1.0.202305231506/tools/bin/../lib/gcc/arm-none-eabi/11.3.1/../../../../arm-none-eabi/lib/thumb/v7e-m+dp/hard\libm.a
LOAD D:/STM32CubeIDE_1.13.0/STM32CubeIDE/plugins/com.st.stm32cube.ide.mcu.externaltools.gnu-tools-for-stm32.11.3.rel1.win32_1.1.0.202305231506/tools/bin/../lib/gcc/arm-none-eabi/11.3.1/thumb/v7e-m+dp/hard\libgcc.a

.comment        0x0000000000000000       0x43
 .comment       0x0000000000000000       0x43 D:/STM32CubeIDE_1.13.0/STM32CubeIDE/plugins/com.st.stm32cube.ide.mcu.externaltools.gnu-tools-for-stm32.11.3.rel1.win32_1.1.0.202305231506/tools/bin/../lib/gcc/arm-none-eabi/11.3.1/thumb/v7e-m+dp/hard/crtbegin.o
                                         0x44 (size before relaxing)
 .comment       0x0000000000000043       0x44 ./Core/Src/gpio.o
 .comment       0x0000000000000043       0x44 ./Core/Src/main.o
 .comment       0x0000000000000043       0x44 ./Core/Src/stm32f7xx_hal_msp.o
 .comment       0x0000000000000043       0x44 ./Core/Src/stm32f7xx_it.o
 .comment       0x0000000000000043       0x44 ./Core/Src/system_stm32f7xx.o
 .comment       0x0000000000000043       0x44 ./Core/Src/usart.o
 .comment       0x0000000000000043       0x44 ./Drivers/STM32F7xx_HAL_Driver/stm32f7xx_hal.o
 .comment       0x0000000000000043       0x44 ./Drivers/STM32F7xx_HAL_Driver/stm32f7xx_hal_cortex.o
 .comment       0x0000000000000043       0x44 ./Drivers/STM32F7xx_HAL_Driver/stm32f7xx_hal_gpio.o
 .comment       0x0000000000000043       0x44 ./Drivers/STM32F7xx_HAL_Driver/stm32f7xx_hal_rcc.o
 .comment       0x0000000000000043       0x44 ./Drivers/STM32F7xx_HAL_Driver/stm32f7xx_hal_rcc_ex.o
 .comment       0x0000000000000043       0x44 ./Drivers/STM32F7xx_HAL_Driver/stm32f7xx_hal_uart.o

.debug_info     0x0000000000000000     0x9686
 .debug_info    0x0000000000000000      0x728 ./Core/Src/gpio.o
 .debug_info    0x0000000000000728      0xbb5 ./Core/Src/main.o
 .debug_info    0x00000000000012dd      0x2a0 ./Core/Src/stm32f7xx_hal_msp.o
 .debug_info    0x000000000000157d      0x229 ./Core/Src/stm32f7xx_it.o
 .debug_info    0x00000000000017a6      0x6ed ./Core/Src/system_stm32f7xx.o
 .debug_info    0x0000000000001e93      0xc81 ./Core/Src/usart.o
 .debug_info    0x0000000000002b14       0x23 ./Core/Startup/startup_stm32f767zitx.o
 .debug_info    0x0000000000002b37      0xa4c ./Drivers/STM32F7xx_HAL_Driver/stm32f7xx_hal.o
 .debug_info    0x0000000000003583      0xf8b ./Drivers/STM32F7xx_HAL_Driver/stm32f7xx_hal_cortex.o
 .debug_info    0x000000000000450e      0x6f3 ./Drivers/STM32F7xx_HAL_Driver/stm32f7xx_hal_gpio.o
 .debug_info    0x0000000000004c01      0x937 ./Drivers/STM32F7xx_HAL_Driver/stm32f7xx_hal_rcc.o
 .debug_info    0x0000000000005538      0x6e1 ./Drivers/STM32F7xx_HAL_Driver/stm32f7xx_hal_rcc_ex.o
 .debug_info    0x0000000000005c19     0x3a6d ./Drivers/STM32F7xx_HAL_Driver/stm32f7xx_hal_uart.o

.debug_abbrev   0x0000000000000000     0x17d5
 .debug_abbrev  0x0000000000000000      0x174 ./Core/Src/gpio.o
 .debug_abbrev  0x0000000000000174      0x282 ./Core/Src/main.o
 .debug_abbrev  0x00000000000003f6       0xf4 ./Core/Src/stm32f7xx_hal_msp.o
 .debug_abbrev  0x00000000000004ea      0x108 ./Core/Src/stm32f7xx_it.o
 .debug_abbrev  0x00000000000005f2      0x13b ./Core/Src/system_stm32f7xx.o
 .debug_abbrev  0x000000000000072d      0x1f9 ./Core/Src/usart.o
 .debug_abbrev  0x0000000000000926       0x12 ./Core/Startup/startup_stm32f767zitx.o
 .debug_abbrev  0x0000000000000938      0x213 ./Drivers/STM32F7xx_HAL_Driver/stm32f7xx_hal.o
 .debug_abbrev  0x0000000000000b4b      0x329 ./Drivers/STM32F7xx_HAL_Driver/stm32f7xx_hal_cortex.o
 .debug_abbrev  0x0000000000000e74      0x1d4 ./Drivers/STM32F7xx_HAL_Driver/stm32f7xx_hal_gpio.o
 .debug_abbrev  0x0000000000001048      0x2de ./Drivers/STM32F7xx_HAL_Driver/stm32f7xx_hal_rcc.o
 .debug_abbrev  0x0000000000001326      0x1c9 ./Drivers/STM32F7xx_HAL_Driver/stm32f7xx_hal_rcc_ex.o
 .debug_abbrev  0x00000000000014ef      0x2e6 ./Drivers/STM32F7xx_HAL_Driver/stm32f7xx_hal_uart.o

.debug_aranges  0x0000000000000000      0x6f0
 .debug_aranges
                0x0000000000000000       0x20 ./Core/Src/gpio.o
 .debug_aranges
                0x0000000000000020       0x38 ./Core/Src/main.o
 .debug_aranges
                0x0000000000000058       0x20 ./Core/Src/stm32f7xx_hal_msp.o
 .debug_aranges
                0x0000000000000078       0x70 ./Core/Src/stm32f7xx_it.o
 .debug_aranges
                0x00000000000000e8       0x28 ./Core/Src/system_stm32f7xx.o
 .debug_aranges
                0x0000000000000110       0x30 ./Core/Src/usart.o
 .debug_aranges
                0x0000000000000140       0x28 ./Core/Startup/startup_stm32f767zitx.o
 .debug_aranges
                0x0000000000000168      0x110 ./Drivers/STM32F7xx_HAL_Driver/stm32f7xx_hal.o
 .debug_aranges
                0x0000000000000278      0x118 ./Drivers/STM32F7xx_HAL_Driver/stm32f7xx_hal_cortex.o
 .debug_aranges
                0x0000000000000390       0x58 ./Drivers/STM32F7xx_HAL_Driver/stm32f7xx_hal_gpio.o
 .debug_aranges
                0x00000000000003e8       0x88 ./Drivers/STM32F7xx_HAL_Driver/stm32f7xx_hal_rcc.o
 .debug_aranges
                0x0000000000000470       0x50 ./Drivers/STM32F7xx_HAL_Driver/stm32f7xx_hal_rcc_ex.o
 .debug_aranges
                0x00000000000004c0      0x230 ./Drivers/STM32F7xx_HAL_Driver/stm32f7xx_hal_uart.o

.debug_rnglists
                0x0000000000000000      0x547
 .debug_rnglists
                0x0000000000000000       0x14 ./Core/Src/gpio.o
 .debug_rnglists
                0x0000000000000014       0x27 ./Core/Src/main.o
 .debug_rnglists
                0x000000000000003b       0x13 ./Core/Src/stm32f7xx_hal_msp.o
 .debug_rnglists
                0x000000000000004e       0x4f ./Core/Src/stm32f7xx_it.o
 .debug_rnglists
                0x000000000000009d       0x1a ./Core/Src/system_stm32f7xx.o
 .debug_rnglists
                0x00000000000000b7       0x20 ./Core/Src/usart.o
 .debug_rnglists
                0x00000000000000d7       0x19 ./Core/Startup/startup_stm32f767zitx.o
 .debug_rnglists
                0x00000000000000f0       0xc7 ./Drivers/STM32F7xx_HAL_Driver/stm32f7xx_hal.o
 .debug_rnglists
                0x00000000000001b7       0xce ./Drivers/STM32F7xx_HAL_Driver/stm32f7xx_hal_cortex.o
 .debug_rnglists
                0x0000000000000285       0x3f ./Drivers/STM32F7xx_HAL_Driver/stm32f7xx_hal_gpio.o
 .debug_rnglists
                0x00000000000002c4       0x67 ./Drivers/STM32F7xx_HAL_Driver/stm32f7xx_hal_rcc.o
 .debug_rnglists
                0x000000000000032b       0x3c ./Drivers/STM32F7xx_HAL_Driver/stm32f7xx_hal_rcc_ex.o
 .debug_rnglists
                0x0000000000000367      0x1e0 ./Drivers/STM32F7xx_HAL_Driver/stm32f7xx_hal_uart.o

.debug_macro    0x0000000000000000    0x268c6
 .debug_macro   0x0000000000000000      0x1e3 ./Core/Src/gpio.o
 .debug_macro   0x00000000000001e3      0xac0 ./Core/Src/gpio.o
 .debug_macro   0x0000000000000ca3      0x28d ./Core/Src/gpio.o
 .debug_macro   0x0000000000000f30       0x2e ./Core/Src/gpio.o
 .debug_macro   0x0000000000000f5e       0x3b ./Core/Src/gpio.o
 .debug_macro   0x0000000000000f99       0x22 ./Core/Src/gpio.o
 .debug_macro   0x0000000000000fbb       0x8e ./Core/Src/gpio.o
 .debug_macro   0x0000000000001049       0x51 ./Core/Src/gpio.o
 .debug_macro   0x000000000000109a      0x103 ./Core/Src/gpio.o
 .debug_macro   0x000000000000119d       0x6a ./Core/Src/gpio.o
 .debug_macro   0x0000000000001207      0x1df ./Core/Src/gpio.o
 .debug_macro   0x00000000000013e6       0x1c ./Core/Src/gpio.o
 .debug_macro   0x0000000000001402       0x22 ./Core/Src/gpio.o
 .debug_macro   0x0000000000001424       0xd9 ./Core/Src/gpio.o
 .debug_macro   0x00000000000014fd     0x12cd ./Core/Src/gpio.o
 .debug_macro   0x00000000000027ca      0x11f ./Core/Src/gpio.o
 .debug_macro   0x00000000000028e9       0x19 ./Core/Src/gpio.o
 .debug_macro   0x0000000000002902    0x1aa0d ./Core/Src/gpio.o
 .debug_macro   0x000000000001d30f       0x6d ./Core/Src/gpio.o
 .debug_macro   0x000000000001d37c     0x3749 ./Core/Src/gpio.o
 .debug_macro   0x0000000000020ac5      0x174 ./Core/Src/gpio.o
 .debug_macro   0x0000000000020c39       0x63 ./Core/Src/gpio.o
 .debug_macro   0x0000000000020c9c     0x1add ./Core/Src/gpio.o
 .debug_macro   0x0000000000022779      0x6c4 ./Core/Src/gpio.o
 .debug_macro   0x0000000000022e3d      0x18b ./Core/Src/gpio.o
 .debug_macro   0x0000000000022fc8      0x115 ./Core/Src/gpio.o
 .debug_macro   0x00000000000230dd      0x26e ./Core/Src/gpio.o
 .debug_macro   0x000000000002334b       0xa5 ./Core/Src/gpio.o
 .debug_macro   0x00000000000233f0      0x24f ./Core/Src/gpio.o
 .debug_macro   0x000000000002363f       0x71 ./Core/Src/gpio.o
 .debug_macro   0x00000000000236b0       0x58 ./Core/Src/gpio.o
 .debug_macro   0x0000000000023708      0x236 ./Core/Src/gpio.o
 .debug_macro   0x000000000002393e      0x14e ./Core/Src/gpio.o
 .debug_macro   0x0000000000023a8c      0x3db ./Core/Src/gpio.o
 .debug_macro   0x0000000000023e67       0x12 ./Core/Src/gpio.o
 .debug_macro   0x0000000000023e79      0x22c ./Core/Src/gpio.o
 .debug_macro   0x00000000000240a5       0x61 ./Core/Src/gpio.o
 .debug_macro   0x0000000000024106       0xa5 ./Core/Src/gpio.o
 .debug_macro   0x00000000000241ab      0x12e ./Core/Src/gpio.o
 .debug_macro   0x00000000000242d9      0x108 ./Core/Src/gpio.o
 .debug_macro   0x00000000000243e1       0x35 ./Core/Src/gpio.o
 .debug_macro   0x0000000000024416      0x5ba ./Core/Src/gpio.o
 .debug_macro   0x00000000000249d0       0x44 ./Core/Src/gpio.o
 .debug_macro   0x0000000000024a14      0x15b ./Core/Src/gpio.o
 .debug_macro   0x0000000000024b6f      0x2bf ./Core/Src/main.o
 .debug_macro   0x0000000000024e2e       0x61 ./Core/Src/main.o
 .debug_macro   0x0000000000024e8f       0x29 ./Core/Src/main.o
 .debug_macro   0x0000000000024eb8       0x43 ./Core/Src/main.o
 .debug_macro   0x0000000000024efb       0x34 ./Core/Src/main.o
 .debug_macro   0x0000000000024f2f       0x16 ./Core/Src/main.o
 .debug_macro   0x0000000000024f45       0x43 ./Core/Src/main.o
 .debug_macro   0x0000000000024f88       0x34 ./Core/Src/main.o
 .debug_macro   0x0000000000024fbc       0x10 ./Core/Src/main.o
 .debug_macro   0x0000000000024fcc       0x58 ./Core/Src/main.o
 .debug_macro   0x0000000000025024       0x8e ./Core/Src/main.o
 .debug_macro   0x00000000000250b2       0x1c ./Core/Src/main.o
 .debug_macro   0x00000000000250ce      0x177 ./Core/Src/main.o
 .debug_macro   0x0000000000025245      0x369 ./Core/Src/main.o
 .debug_macro   0x00000000000255ae       0x10 ./Core/Src/main.o
 .debug_macro   0x00000000000255be       0x35 ./Core/Src/main.o
 .debug_macro   0x00000000000255f3       0x20 ./Core/Src/main.o
 .debug_macro   0x0000000000025613      0x1d9 ./Core/Src/stm32f7xx_hal_msp.o
 .debug_macro   0x00000000000257ec      0x1e3 ./Core/Src/stm32f7xx_it.o
 .debug_macro   0x00000000000259cf      0x1cf ./Core/Src/system_stm32f7xx.o
 .debug_macro   0x0000000000025b9e      0x1e3 ./Core/Src/usart.o
 .debug_macro   0x0000000000025d81      0x1f3 ./Drivers/STM32F7xx_HAL_Driver/stm32f7xx_hal.o
 .debug_macro   0x0000000000025f74      0x1cf ./Drivers/STM32F7xx_HAL_Driver/stm32f7xx_hal_cortex.o
 .debug_macro   0x0000000000026143      0x1d5 ./Drivers/STM32F7xx_HAL_Driver/stm32f7xx_hal_gpio.o
 .debug_macro   0x0000000000026318      0x1f3 ./Drivers/STM32F7xx_HAL_Driver/stm32f7xx_hal_rcc.o
 .debug_macro   0x000000000002650b      0x1cf ./Drivers/STM32F7xx_HAL_Driver/stm32f7xx_hal_rcc_ex.o
 .debug_macro   0x00000000000266da      0x1ec ./Drivers/STM32F7xx_HAL_Driver/stm32f7xx_hal_uart.o

.debug_line     0x0000000000000000     0xad99
 .debug_line    0x0000000000000000      0x840 ./Core/Src/gpio.o
 .debug_line    0x0000000000000840      0xa6d ./Core/Src/main.o
 .debug_line    0x00000000000012ad      0x81a ./Core/Src/stm32f7xx_hal_msp.o
 .debug_line    0x0000000000001ac7      0x90d ./Core/Src/stm32f7xx_it.o
 .debug_line    0x00000000000023d4      0x898 ./Core/Src/system_stm32f7xx.o
 .debug_line    0x0000000000002c6c      0x89a ./Core/Src/usart.o
 .debug_line    0x0000000000003506       0x7a ./Core/Startup/startup_stm32f767zitx.o
 .debug_line    0x0000000000003580      0xb92 ./Drivers/STM32F7xx_HAL_Driver/stm32f7xx_hal.o
 .debug_line    0x0000000000004112      0xde8 ./Drivers/STM32F7xx_HAL_Driver/stm32f7xx_hal_cortex.o
 .debug_line    0x0000000000004efa      0xcd6 ./Drivers/STM32F7xx_HAL_Driver/stm32f7xx_hal_gpio.o
 .debug_line    0x0000000000005bd0      0xfcf ./Drivers/STM32F7xx_HAL_Driver/stm32f7xx_hal_rcc.o
 .debug_line    0x0000000000006b9f      0xfa8 ./Drivers/STM32F7xx_HAL_Driver/stm32f7xx_hal_rcc_ex.o
 .debug_line    0x0000000000007b47     0x3252 ./Drivers/STM32F7xx_HAL_Driver/stm32f7xx_hal_uart.o

.debug_str      0x0000000000000000    0xf02b4
 .debug_str     0x0000000000000000    0xeaefe ./Core/Src/gpio.o
                                      0xeb5e2 (size before relaxing)
 .debug_str     0x00000000000eaefe     0x37c3 ./Core/Src/main.o
                                      0xee6d3 (size before relaxing)
 .debug_str     0x00000000000ee6c1       0x49 ./Core/Src/stm32f7xx_hal_msp.o
                                      0xeaec3 (size before relaxing)
 .debug_str     0x00000000000ee70a      0x11b ./Core/Src/stm32f7xx_it.o
                                      0xeaebb (size before relaxing)
 .debug_str     0x00000000000ee825      0x1a4 ./Core/Src/system_stm32f7xx.o
                                      0xeb01f (size before relaxing)
 .debug_str     0x00000000000ee9c9      0x2ef ./Core/Src/usart.o
                                      0xeb730 (size before relaxing)
 .debug_str     0x00000000000eecb8       0x34 ./Core/Startup/startup_stm32f767zitx.o
                                         0x6c (size before relaxing)
 .debug_str     0x00000000000eecec      0x463 ./Drivers/STM32F7xx_HAL_Driver/stm32f7xx_hal.o
                                      0xeba98 (size before relaxing)
 .debug_str     0x00000000000ef14f      0x370 ./Drivers/STM32F7xx_HAL_Driver/stm32f7xx_hal_cortex.o
                                      0xeba48 (size before relaxing)
 .debug_str     0x00000000000ef4bf       0xf2 ./Drivers/STM32F7xx_HAL_Driver/stm32f7xx_hal_gpio.o
                                      0xeb116 (size before relaxing)
 .debug_str     0x00000000000ef5b1      0x299 ./Drivers/STM32F7xx_HAL_Driver/stm32f7xx_hal_rcc.o
                                      0xeb3d3 (size before relaxing)
 .debug_str     0x00000000000ef84a      0x188 ./Drivers/STM32F7xx_HAL_Driver/stm32f7xx_hal_rcc_ex.o
                                      0xeb336 (size before relaxing)
 .debug_str     0x00000000000ef9d2      0x8e2 ./Drivers/STM32F7xx_HAL_Driver/stm32f7xx_hal_uart.o
                                      0xebd21 (size before relaxing)

.debug_frame    0x0000000000000000     0x1aa4
 .debug_frame   0x0000000000000000       0x34 ./Core/Src/gpio.o
 .debug_frame   0x0000000000000034       0x8c ./Core/Src/main.o
 .debug_frame   0x00000000000000c0       0x34 ./Core/Src/stm32f7xx_hal_msp.o
 .debug_frame   0x00000000000000f4      0x13c ./Core/Src/stm32f7xx_it.o
 .debug_frame   0x0000000000000230       0x58 ./Core/Src/system_stm32f7xx.o
 .debug_frame   0x0000000000000288       0x78 ./Core/Src/usart.o
 .debug_frame   0x0000000000000300      0x3f4 ./Drivers/STM32F7xx_HAL_Driver/stm32f7xx_hal.o
 .debug_frame   0x00000000000006f4      0x498 ./Drivers/STM32F7xx_HAL_Driver/stm32f7xx_hal_cortex.o
 .debug_frame   0x0000000000000b8c      0x14c ./Drivers/STM32F7xx_HAL_Driver/stm32f7xx_hal_gpio.o
 .debug_frame   0x0000000000000cd8      0x1f8 ./Drivers/STM32F7xx_HAL_Driver/stm32f7xx_hal_rcc.o
 .debug_frame   0x0000000000000ed0      0x118 ./Drivers/STM32F7xx_HAL_Driver/stm32f7xx_hal_rcc_ex.o
 .debug_frame   0x0000000000000fe8      0xa10 ./Drivers/STM32F7xx_HAL_Driver/stm32f7xx_hal_uart.o
 .debug_frame   0x00000000000019f8       0x20 D:/STM32CubeIDE_1.13.0/STM32CubeIDE/plugins/com.st.stm32cube.ide.mcu.externaltools.gnu-tools-for-stm32.11.3.rel1.win32_1.1.0.202305231506/tools/bin/../lib/gcc/arm-none-eabi/11.3.1/../../../../arm-none-eabi/lib/thumb/v7e-m+dp/hard\libc_nano.a(libc_a-memset.o)
 .debug_frame   0x0000000000001a18       0x2c D:/STM32CubeIDE_1.13.0/STM32CubeIDE/plugins/com.st.stm32cube.ide.mcu.externaltools.gnu-tools-for-stm32.11.3.rel1.win32_1.1.0.202305231506/tools/bin/../lib/gcc/arm-none-eabi/11.3.1/../../../../arm-none-eabi/lib/thumb/v7e-m+dp/hard\libc_nano.a(libc_a-init.o)
 .debug_frame   0x0000000000001a44       0x2c D:/STM32CubeIDE_1.13.0/STM32CubeIDE/plugins/com.st.stm32cube.ide.mcu.externaltools.gnu-tools-for-stm32.11.3.rel1.win32_1.1.0.202305231506/tools/bin/../lib/gcc/arm-none-eabi/11.3.1/thumb/v7e-m+dp/hard\libgcc.a(_aeabi_uldivmod.o)
 .debug_frame   0x0000000000001a70       0x34 D:/STM32CubeIDE_1.13.0/STM32CubeIDE/plugins/com.st.stm32cube.ide.mcu.externaltools.gnu-tools-for-stm32.11.3.rel1.win32_1.1.0.202305231506/tools/bin/../lib/gcc/arm-none-eabi/11.3.1/thumb/v7e-m+dp/hard\libgcc.a(_udivmoddi4.o)

.debug_line_str
                0x0000000000000000       0x60
 .debug_line_str
                0x0000000000000000       0x60 ./Core/Startup/startup_stm32f767zitx.o
                                         0x78 (size before relaxing)
