Archive member included to satisfy reference by file (symbol)

D:/STM32CubeIDE_1.13.0/STM32CubeIDE/plugins/com.st.stm32cube.ide.mcu.externaltools.gnu-tools-for-stm32.11.3.rel1.win32_1.1.0.202305231506/tools/bin/../lib/gcc/arm-none-eabi/11.3.1/../../../../arm-none-eabi/lib/thumb/v7e-m+dp/hard\libc_nano.a(libc_a-exit.o)
                              D:/STM32CubeIDE_1.13.0/STM32CubeIDE/plugins/com.st.stm32cube.ide.mcu.externaltools.gnu-tools-for-stm32.11.3.rel1.win32_1.1.0.202305231506/tools/bin/../lib/gcc/arm-none-eabi/11.3.1/../../../../arm-none-eabi/lib/thumb/v7e-m+dp/hard/crt0.o (exit)
D:/STM32CubeIDE_1.13.0/STM32CubeIDE/plugins/com.st.stm32cube.ide.mcu.externaltools.gnu-tools-for-stm32.11.3.rel1.win32_1.1.0.202305231506/tools/bin/../lib/gcc/arm-none-eabi/11.3.1/../../../../arm-none-eabi/lib/thumb/v7e-m+dp/hard\libc_nano.a(libc_a-findfp.o)
                              D:/STM32CubeIDE_1.13.0/STM32CubeIDE/plugins/com.st.stm32cube.ide.mcu.externaltools.gnu-tools-for-stm32.11.3.rel1.win32_1.1.0.202305231506/tools/bin/../lib/gcc/arm-none-eabi/11.3.1/../../../../arm-none-eabi/lib/thumb/v7e-m+dp/hard\libc_nano.a(libc_a-exit.o) (__stdio_exit_handler)
D:/STM32CubeIDE_1.13.0/STM32CubeIDE/plugins/com.st.stm32cube.ide.mcu.externaltools.gnu-tools-for-stm32.11.3.rel1.win32_1.1.0.202305231506/tools/bin/../lib/gcc/arm-none-eabi/11.3.1/../../../../arm-none-eabi/lib/thumb/v7e-m+dp/hard\libc_nano.a(libc_a-fwalk.o)
                              D:/STM32CubeIDE_1.13.0/STM32CubeIDE/plugins/com.st.stm32cube.ide.mcu.externaltools.gnu-tools-for-stm32.11.3.rel1.win32_1.1.0.202305231506/tools/bin/../lib/gcc/arm-none-eabi/11.3.1/../../../../arm-none-eabi/lib/thumb/v7e-m+dp/hard\libc_nano.a(libc_a-findfp.o) (_fwalk_sglue)
D:/STM32CubeIDE_1.13.0/STM32CubeIDE/plugins/com.st.stm32cube.ide.mcu.externaltools.gnu-tools-for-stm32.11.3.rel1.win32_1.1.0.202305231506/tools/bin/../lib/gcc/arm-none-eabi/11.3.1/../../../../arm-none-eabi/lib/thumb/v7e-m+dp/hard\libc_nano.a(libc_a-stdio.o)
                              D:/STM32CubeIDE_1.13.0/STM32CubeIDE/plugins/com.st.stm32cube.ide.mcu.externaltools.gnu-tools-for-stm32.11.3.rel1.win32_1.1.0.202305231506/tools/bin/../lib/gcc/arm-none-eabi/11.3.1/../../../../arm-none-eabi/lib/thumb/v7e-m+dp/hard\libc_nano.a(libc_a-findfp.o) (__sread)
D:/STM32CubeIDE_1.13.0/STM32CubeIDE/plugins/com.st.stm32cube.ide.mcu.externaltools.gnu-tools-for-stm32.11.3.rel1.win32_1.1.0.202305231506/tools/bin/../lib/gcc/arm-none-eabi/11.3.1/../../../../arm-none-eabi/lib/thumb/v7e-m+dp/hard\libc_nano.a(libc_a-memset.o)
                              D:/STM32CubeIDE_1.13.0/STM32CubeIDE/plugins/com.st.stm32cube.ide.mcu.externaltools.gnu-tools-for-stm32.11.3.rel1.win32_1.1.0.202305231506/tools/bin/../lib/gcc/arm-none-eabi/11.3.1/../../../../arm-none-eabi/lib/thumb/v7e-m+dp/hard/crt0.o (memset)
D:/STM32CubeIDE_1.13.0/STM32CubeIDE/plugins/com.st.stm32cube.ide.mcu.externaltools.gnu-tools-for-stm32.11.3.rel1.win32_1.1.0.202305231506/tools/bin/../lib/gcc/arm-none-eabi/11.3.1/../../../../arm-none-eabi/lib/thumb/v7e-m+dp/hard\libc_nano.a(libc_a-closer.o)
                              D:/STM32CubeIDE_1.13.0/STM32CubeIDE/plugins/com.st.stm32cube.ide.mcu.externaltools.gnu-tools-for-stm32.11.3.rel1.win32_1.1.0.202305231506/tools/bin/../lib/gcc/arm-none-eabi/11.3.1/../../../../arm-none-eabi/lib/thumb/v7e-m+dp/hard\libc_nano.a(libc_a-stdio.o) (_close_r)
D:/STM32CubeIDE_1.13.0/STM32CubeIDE/plugins/com.st.stm32cube.ide.mcu.externaltools.gnu-tools-for-stm32.11.3.rel1.win32_1.1.0.202305231506/tools/bin/../lib/gcc/arm-none-eabi/11.3.1/../../../../arm-none-eabi/lib/thumb/v7e-m+dp/hard\libc_nano.a(libc_a-reent.o)
                              D:/STM32CubeIDE_1.13.0/STM32CubeIDE/plugins/com.st.stm32cube.ide.mcu.externaltools.gnu-tools-for-stm32.11.3.rel1.win32_1.1.0.202305231506/tools/bin/../lib/gcc/arm-none-eabi/11.3.1/../../../../arm-none-eabi/lib/thumb/v7e-m+dp/hard\libc_nano.a(libc_a-closer.o) (errno)
D:/STM32CubeIDE_1.13.0/STM32CubeIDE/plugins/com.st.stm32cube.ide.mcu.externaltools.gnu-tools-for-stm32.11.3.rel1.win32_1.1.0.202305231506/tools/bin/../lib/gcc/arm-none-eabi/11.3.1/../../../../arm-none-eabi/lib/thumb/v7e-m+dp/hard\libc_nano.a(libc_a-impure.o)
                              D:/STM32CubeIDE_1.13.0/STM32CubeIDE/plugins/com.st.stm32cube.ide.mcu.externaltools.gnu-tools-for-stm32.11.3.rel1.win32_1.1.0.202305231506/tools/bin/../lib/gcc/arm-none-eabi/11.3.1/../../../../arm-none-eabi/lib/thumb/v7e-m+dp/hard\libc_nano.a(libc_a-reent.o) (_impure_ptr)
D:/STM32CubeIDE_1.13.0/STM32CubeIDE/plugins/com.st.stm32cube.ide.mcu.externaltools.gnu-tools-for-stm32.11.3.rel1.win32_1.1.0.202305231506/tools/bin/../lib/gcc/arm-none-eabi/11.3.1/../../../../arm-none-eabi/lib/thumb/v7e-m+dp/hard\libc_nano.a(libc_a-lseekr.o)
[...]
Memory Configuration

Name             Origin             Length             Attributes
RAM              0x0000000020000000 0x0000000000080000 xrw
FLASH            0x0000000008000000 0x0000000000200000 xr
*default*        0x0000000000000000 0xffffffffffffffff

Linker script and memory map

LOAD D:/STM32CubeIDE_1.13.0/STM32CubeIDE/plugins/com.st.stm32cube.ide.mcu.externaltools.gnu-tools-for-stm32.11.3.rel1.win32_1.1.0.202305231506/tools/bin/../lib/gcc/arm-none-eabi/11.3.1/thumb/v7e-m+dp/hard/crti.o
LOAD D:/STM32CubeIDE_1.13.0/STM32CubeIDE/plugins/com.st.stm32cube.ide.mcu.externaltools.gnu-tools-for-stm32.11.3.rel1.win32_1.1.0.202305231506/tools/bin/../lib/gcc/arm-none-eabi/11.3.1/thumb/v7e-m+dp/hard/crtbegin.o
LOAD D:/STM32CubeIDE_1.13.0/STM32CubeIDE/plugins/com.st.stm32cube.ide.mcu.externaltools.gnu-tools-for-stm32.11.3.rel1.win32_1.1.0.202305231506/tools/bin/../lib/gcc/arm-none-eabi/11.3.1/../../../../arm-none-eabi/lib/thumb/v7e-m+dp/hard/crt0.o
LOAD ./Core/Src/gpio.o
LOAD ./Core/Src/main.o
LOAD ./Core/Src/stm32f7xx_hal_msp.o
LOAD ./Core/Src/stm32f7xx_it.o
LOAD ./Core/Src/syscalls.o
LOAD ./Core/Src/sysmem.o
LOAD ./Core/Src/system_stm32f7xx.o
LOAD ./Core/Startup/startup_stm32f777zitx.o
LOAD ./Drivers/STM32F7xx_HAL_Driver/Src/stm32f7xx_hal.o
LOAD ./Drivers/STM32F7xx_HAL_Driver/Src/stm32f7xx_hal_cortex.o
LOAD ./Drivers/STM32F7xx_HAL_Driver/Src/stm32f7xx_hal_dma.o
LOAD ./Drivers/STM32F7xx_HAL_Driver/Src/stm32f7xx_hal_dma_ex.o
LOAD ./Drivers/STM32F7xx_HAL_Driver/Src/stm32f7xx_hal_exti.o
LOAD ./Drivers/STM32F7xx_HAL_Driver/Src/stm32f7xx_hal_flash.o
LOAD ./Drivers/STM32F7xx_HAL_Driver/Src/stm32f7xx_hal_flash_ex.o
LOAD ./Drivers/STM32F7xx_HAL_Driver/Src/stm32f7xx_hal_gpio.o
LOAD ./Drivers/STM32F7xx_HAL_Driver/Src/stm32f7xx_hal_i2c.o
LOAD ./Drivers/STM32F7xx_HAL_Driver/Src/stm32f7xx_hal_i2c_ex.o
LOAD ./Drivers/STM32F7xx_HAL_Driver/Src/stm32f7xx_hal_pwr.o
LOAD ./Drivers/STM32F7xx_HAL_Driver/Src/stm32f7xx_hal_pwr_ex.o
LOAD ./Drivers/STM32F7xx_HAL_Driver/Src/stm32f7xx_hal_rcc.o
LOAD ./Drivers/STM32F7xx_HAL_Driver/Src/stm32f7xx_hal_rcc_ex.o
START GROUP
LOAD D:/STM32CubeIDE_1.13.0/STM32CubeIDE/plugins/com.st.stm32cube.ide.mcu.externaltools.gnu-tools-for-stm32.11.3.rel1.win32_1.1.0.202305231506/tools/bin/../lib/gcc/arm-none-eabi/11.3.1/../../../../arm-none-eabi/lib/thumb/v7e-m+dp/hard\libc_nano.a
LOAD D:/STM32CubeIDE_1.13.0/STM32CubeIDE/plugins/com.st.stm32cube.ide.mcu.externaltools.gnu-tools-for-stm32.11.3.rel1.win32_1.1.0.202305231506/tools/bin/../lib/gcc/arm-none-eabi/11.3.1/../../../../arm-none-eabi/lib/thumb/v7e-m+dp/hard\libm.a
END GROUP
START GROUP
LOAD D:/STM32CubeIDE_1.13.0/STM32CubeIDE/plugins/com.st.stm32cube.ide.mcu.externaltools.gnu-tools-for-stm32.11.3.rel1.win32_1.1.0.202305231506/tools/bin/../lib/gcc/arm-none-eabi/11.3.1/thumb/v7e-m+dp/hard\libgcc.a
LOAD D:/STM32CubeIDE_1.13.0/STM32CubeIDE/plugins/com.st.stm32cube.ide.mcu.externaltools.gnu-tools-for-stm32.11.3.rel1.win32_1.1.0.202305231506/tools/bin/../lib/gcc/arm-none-eabi/11.3.1/../../../../arm-none-eabi/lib/thumb/v7e-m+dp/hard\libc_nano.a
END GROUP
START GROUP
LOAD D:/STM32CubeIDE_1.13.0/STM32CubeIDE/plugins/com.st.stm32cube.ide.mcu.externaltools.gnu-tools-for-stm32.11.3.rel1.win32_1.1.0.202305231506/tools/bin/../lib/gcc/arm-none-eabi/11.3.1/thumb/v7e-m+dp/hard\libgcc.a
LOAD D:/STM32CubeIDE_1.13.0/STM32CubeIDE/plugins/com.st.stm32cube.ide.mcu.externaltools.gnu-tools-for-stm32.11.3.rel1.win32_1.1.0.202305231506/tools/bin/../lib/gcc/arm-none-eabi/11.3.1/../../../../arm-none-eabi/lib/thumb/v7e-m+dp/hard\libc_nano.a
LOAD D:/STM32CubeIDE_1.13.0/STM32CubeIDE/plugins/com.st.stm32cube.ide.mcu.externaltools.gnu-tools-for-stm32.11.3.rel1.win32_1.1.0.202305231506/tools/bin/../lib/gcc/arm-none-eabi/11.3.1/../../../../arm-none-eabi/lib/thumb/v7e-m+dp/hard\libnosys.a
END GROUP
START GROUP
LOAD D:/STM32CubeIDE_1.13.0/STM32CubeIDE/plugins/com.st.stm32cube.ide.mcu.externaltools.gnu-tools-for-stm32.11.3.rel1.win32_1.1.0.202305231506/tools/bin/../lib/gcc/arm-none-eabi/11.3.1/thumb/v7e-m+dp/hard\libgcc.a
LOAD D:/STM32CubeIDE_1.13.0/STM32CubeIDE/plugins/com.st.stm32cube.ide.mcu.externaltools.gnu-tools-for-stm32.11.3.rel1.win32_1.1.0.202305231506/tools/bin/../lib/gcc/arm-none-eabi/11.3.1/../../../../arm-none-eabi/lib/thumb/v7e-m+dp/hard\libc_nano.a
LOAD D:/STM32CubeIDE_1.13.0/STM32CubeIDE/plugins/com.st.stm32cube.ide.mcu.externaltools.gnu-tools-for-stm32.11.3.rel1.win32_1.1.0.202305231506/tools/bin/../lib/gcc/arm-none-eabi/11.3.1/../../../../arm-none-eabi/lib/thumb/v7e-m+dp/hard\libnosys.a
END GROUP
LOAD D:/STM32CubeIDE_1.13.0/STM32CubeIDE/plugins/com.st.stm32cube.ide.mcu.externaltools.gnu-tools-for-stm32.11.3.rel1.win32_1.1.0.202305231506/tools/bin/../lib/gcc/arm-none-eabi/11.3.1/thumb/v7e-m+dp/hard/crtend.o
LOAD D:/STM32CubeIDE_1.13.0/STM32CubeIDE/plugins/com.st.stm32cube.ide.mcu.externaltools.gnu-tools-for-stm32.11.3.rel1.win32_1.1.0.202305231506/tools/bin/../lib/gcc/arm-none-eabi/11.3.1/thumb/v7e-m+dp/hard/crtn.o
                0x0000000020080000                _estack = (ORIGIN (RAM) + LENGTH (RAM))
                0x0000000000000200                _Min_Heap_Size = 0x200
                0x0000000000000400                _Min_Stack_Size = 0x400

.isr_vector     0x0000000008000000      0x1f8
                0x0000000008000000                . = ALIGN (0x4)
 *(.isr_vector)
 .isr_vector    0x0000000008000000      0x1f8 ./Core/Startup/startup_stm32f777zitx.o
                0x0000000008000000                g_pfnVectors
                0x00000000080001f8                . = ALIGN (0x4)

.text           0x00000000080001f8     0x1804
                0x00000000080001f8                . = ALIGN (0x4)
 *(.text)
 .text          0x00000000080001f8       0x40 D:/STM32CubeIDE_1.13.0/STM32CubeIDE/plugins/com.st.stm32cube.ide.mcu.externaltools.gnu-tools-for-stm32.11.3.rel1.win32_1.1.0.202305231506/tools/bin/../lib/gcc/arm-none-eabi/11.3.1/thumb/v7e-m+dp/hard/crtbegin.o
 .text          0x0000000008000238       0x30 D:/STM32CubeIDE_1.13.0/STM32CubeIDE/plugins/com.st.stm32cube.ide.mcu.externaltools.gnu-tools-for-stm32.11.3.rel1.win32_1.1.0.202305231506/tools/bin/../lib/gcc/arm-none-eabi/11.3.1/thumb/v7e-m+dp/hard\libgcc.a(_aeabi_uldivmod.o)
                0x0000000008000238                __aeabi_uldivmod
 .text          0x0000000008000268      0x2c8 D:/STM32CubeIDE_1.13.0/STM32CubeIDE/plugins/com.st.stm32cube.ide.mcu.externaltools.gnu-tools-for-stm32.11.3.rel1.win32_1.1.0.202305231506/tools/bin/../lib/gcc/arm-none-eabi/11.3.1/thumb/v7e-m+dp/hard\libgcc.a(_udivmoddi4.o)
                0x0000000008000268                __udivmoddi4
 .text          0x0000000008000530        0x4 D:/STM32CubeIDE_1.13.0/STM32CubeIDE/plugins/com.st.stm32cube.ide.mcu.externaltools.gnu-tools-for-stm32.11.3.rel1.win32_1.1.0.202305231506/tools/bin/../lib/gcc/arm-none-eabi/11.3.1/thumb/v7e-m+dp/hard\libgcc.a(_dvmd_tls.o)
                0x0000000008000530                __aeabi_idiv0
                0x0000000008000530                __aeabi_ldiv0
 *(.text*)
 .text.MX_GPIO_Init
                0x0000000008000534       0x64 ./Core/Src/gpio.o
                0x0000000008000534                MX_GPIO_Init
 .text.main     0x0000000008000598       0xf0 ./Core/Src/main.o
                0x0000000008000598                main
 .text.SystemClock_Config
                0x0000000008000688       0xdc ./Core/Src/main.o
                0x0000000008000688                SystemClock_Config
 .text.MPU_Config
                0x0000000008000764       0x58 ./Core/Src/main.o
 .text.Error_Handler
                0x00000000080007bc        0xa ./Core/Src/main.o
                0x00000000080007bc                Error_Handler
 *fill*         0x00000000080007c6        0x2 
 .text.HAL_MspInit
                0x00000000080007c8       0x48 ./Core/Src/stm32f7xx_hal_msp.o
                0x00000000080007c8                HAL_MspInit
 .text.NMI_Handler
                0x0000000008000810        0x6 ./Core/Src/stm32f7xx_it.o
                0x0000000008000810                NMI_Handler
 .text.HardFault_Handler
                0x0000000008000816        0x6 ./Core/Src/stm32f7xx_it.o
                0x0000000008000816                HardFault_Handler
 .text.MemManage_Handler
                0x000000000800081c        0x6 ./Core/Src/stm32f7xx_it.o
                0x000000000800081c                MemManage_Handler
 .text.BusFault_Handler
                0x0000000008000822        0x6 ./Core/Src/stm32f7xx_it.o
                0x0000000008000822                BusFault_Handler
 .text.UsageFault_Handler
                0x0000000008000828        0x6 ./Core/Src/stm32f7xx_it.o
                0x0000000008000828                UsageFault_Handler
 .text.SVC_Handler
                0x000000000800082e        0xe ./Core/Src/stm32f7xx_it.o
                0x000000000800082e                SVC_Handler
 .text.DebugMon_Handler
                0x000000000800083c        0xe ./Core/Src/stm32f7xx_it.o
                0x000000000800083c                DebugMon_Handler
 .text.PendSV_Handler
                0x000000000800084a        0xe ./Core/Src/stm32f7xx_it.o
                0x000000000800084a                PendSV_Handler
 .text.SysTick_Handler
                0x0000000008000858        0xc ./Core/Src/stm32f7xx_it.o
                0x0000000008000858                SysTick_Handler
 .text.SystemInit
                0x0000000008000864       0x24 ./Core/Src/system_stm32f7xx.o
                0x0000000008000864                SystemInit
 .text.Reset_Handler
                0x0000000008000888       0x50 ./Core/Startup/startup_stm32f777zitx.o
                0x0000000008000888                Reset_Handler
 .text.Default_Handler
                0x00000000080008d8        0x2 ./Core/Startup/startup_stm32f777zitx.o
                0x00000000080008d8                RTC_Alarm_IRQHandler
                0x00000000080008d8                HASH_RNG_IRQHandler
                0x00000000080008d8                EXTI2_IRQHandler
                0x00000000080008d8                TIM8_CC_IRQHandler
                0x00000000080008d8                UART8_IRQHandler
                0x00000000080008d8                SPI4_IRQHandler
                0x00000000080008d8                TIM1_CC_IRQHandler
                0x00000000080008d8                DMA2_Stream5_IRQHandler
                0x00000000080008d8                JPEG_IRQHandler
                0x00000000080008d8                DMA1_Stream5_IRQHandler
                0x00000000080008d8                CAN3_RX1_IRQHandler
                0x00000000080008d8                PVD_IRQHandler
                0x00000000080008d8                TAMP_STAMP_IRQHandler
                0x00000000080008d8                CAN2_RX1_IRQHandler
                0x00000000080008d8                EXTI3_IRQHandler
                0x00000000080008d8                TIM8_TRG_COM_TIM14_IRQHandler
                0x00000000080008d8                DFSDM1_FLT1_IRQHandler
                0x00000000080008d8                TIM1_UP_TIM10_IRQHandler
                0x00000000080008d8                TIM8_UP_TIM13_IRQHandler
                0x00000000080008d8                I2C3_ER_IRQHandler
                0x00000000080008d8                DFSDM1_FLT2_IRQHandler
                0x00000000080008d8                EXTI0_IRQHandler
                0x00000000080008d8                I2C2_EV_IRQHandler
                0x00000000080008d8                DMA1_Stream2_IRQHandler
                0x00000000080008d8                CAN1_RX0_IRQHandler
                0x00000000080008d8                FPU_IRQHandler
                0x00000000080008d8                OTG_HS_WKUP_IRQHandler
                0x00000000080008d8                CAN3_SCE_IRQHandler
                0x00000000080008d8                LTDC_ER_IRQHandler
                0x00000000080008d8                CAN2_SCE_IRQHandler
                0x00000000080008d8                DMA2_Stream2_IRQHandler
                0x00000000080008d8                SPI1_IRQHandler
                0x00000000080008d8                TIM6_DAC_IRQHandler
                0x00000000080008d8                TIM1_BRK_TIM9_IRQHandler
                0x00000000080008d8                DCMI_IRQHandler
                0x00000000080008d8                CAN2_RX0_IRQHandler
                0x00000000080008d8                DMA2_Stream3_IRQHandler
                0x00000000080008d8                SAI2_IRQHandler
                0x00000000080008d8                DFSDM1_FLT3_IRQHandler
                0x00000000080008d8                USART6_IRQHandler
                0x00000000080008d8                CAN3_RX0_IRQHandler
                0x00000000080008d8                USART3_IRQHandler
                0x00000000080008d8                CRYP_IRQHandler
                0x00000000080008d8                CAN1_RX1_IRQHandler
                0x00000000080008d8                UART5_IRQHandler
                0x00000000080008d8                DMA2_Stream0_IRQHandler
                0x00000000080008d8                TIM4_IRQHandler
                0x00000000080008d8                QUADSPI_IRQHandler
                0x00000000080008d8                I2C1_EV_IRQHandler
                0x00000000080008d8                DMA1_Stream6_IRQHandler
                0x00000000080008d8                DMA1_Stream1_IRQHandler
                0x00000000080008d8                UART4_IRQHandler
                0x00000000080008d8                TIM3_IRQHandler
                0x00000000080008d8                RCC_IRQHandler
                0x00000000080008d8                TIM8_BRK_TIM12_IRQHandler
                0x00000000080008d8                Default_Handler
                0x00000000080008d8                CEC_IRQHandler
                0x00000000080008d8                EXTI15_10_IRQHandler
                0x00000000080008d8                ADC_IRQHandler
                0x00000000080008d8                DMA1_Stream7_IRQHandler
                0x00000000080008d8                SPI5_IRQHandler
                0x00000000080008d8                TIM7_IRQHandler
                0x00000000080008d8                SDMMC1_IRQHandler
                0x00000000080008d8                CAN2_TX_IRQHandler
                0x00000000080008d8                TIM5_IRQHandler
                0x00000000080008d8                DMA2_Stream7_IRQHandler
                0x00000000080008d8                I2C3_EV_IRQHandler
                0x00000000080008d8                EXTI9_5_IRQHandler
                0x00000000080008d8                RTC_WKUP_IRQHandler
                0x00000000080008d8                LTDC_IRQHandler
                0x00000000080008d8                ETH_WKUP_IRQHandler
                0x00000000080008d8                SPDIF_RX_IRQHandler
                0x00000000080008d8                SPI2_IRQHandler
                0x00000000080008d8                OTG_HS_EP1_IN_IRQHandler
                0x00000000080008d8                DMA1_Stream0_IRQHandler
                0x00000000080008d8                CAN1_TX_IRQHandler
                0x00000000080008d8                EXTI4_IRQHandler
                0x00000000080008d8                ETH_IRQHandler
                0x00000000080008d8                OTG_HS_EP1_OUT_IRQHandler
                0x00000000080008d8                WWDG_IRQHandler
                0x00000000080008d8                SPI6_IRQHandler
                0x00000000080008d8                MDIOS_IRQHandler
                0x00000000080008d8                I2C4_EV_IRQHandler
                0x00000000080008d8                CAN3_TX_IRQHandler
                0x00000000080008d8                TIM2_IRQHandler
                0x00000000080008d8                OTG_FS_WKUP_IRQHandler
                0x00000000080008d8                TIM1_TRG_COM_TIM11_IRQHandler
                0x00000000080008d8                OTG_HS_IRQHandler
                0x00000000080008d8                DMA2D_IRQHandler
                0x00000000080008d8                EXTI1_IRQHandler
                0x00000000080008d8                SDMMC2_IRQHandler
                0x00000000080008d8                UART7_IRQHandler
                0x00000000080008d8                USART2_IRQHandler
                0x00000000080008d8                DFSDM1_FLT0_IRQHandler
                0x00000000080008d8                I2C2_ER_IRQHandler
                0x00000000080008d8                DMA2_Stream1_IRQHandler
                0x00000000080008d8                CAN1_SCE_IRQHandler
                0x00000000080008d8                FLASH_IRQHandler
                0x00000000080008d8                DMA2_Stream4_IRQHandler
                0x00000000080008d8                USART1_IRQHandler
                0x00000000080008d8                OTG_FS_IRQHandler
                0x00000000080008d8                SPI3_IRQHandler
                0x00000000080008d8                DMA1_Stream4_IRQHandler
                0x00000000080008d8                I2C1_ER_IRQHandler
                0x00000000080008d8                FMC_IRQHandler
                0x00000000080008d8                LPTIM1_IRQHandler
                0x00000000080008d8                I2C4_ER_IRQHandler
                0x00000000080008d8                DMA2_Stream6_IRQHandler
                0x00000000080008d8                SAI1_IRQHandler
                0x00000000080008d8                DMA1_Stream3_IRQHandler
 .text.HAL_Init
                0x00000000080008da       0x1a ./Drivers/STM32F7xx_HAL_Driver/Src/stm32f7xx_hal.o
                0x00000000080008da                HAL_Init
 .text.HAL_InitTick
                0x00000000080008f4       0x60 ./Drivers/STM32F7xx_HAL_Driver/Src/stm32f7xx_hal.o
                0x00000000080008f4                HAL_InitTick
 .text.HAL_IncTick
                0x0000000008000954       0x28 ./Drivers/STM32F7xx_HAL_Driver/Src/stm32f7xx_hal.o
                0x0000000008000954                HAL_IncTick
 .text.HAL_GetTick
                0x000000000800097c       0x18 ./Drivers/STM32F7xx_HAL_Driver/Src/stm32f7xx_hal.o
                0x000000000800097c                HAL_GetTick
 .text.HAL_Delay
                0x0000000008000994       0x48 ./Drivers/STM32F7xx_HAL_Driver/Src/stm32f7xx_hal.o
                0x0000000008000994                HAL_Delay
 .text.__NVIC_SetPriorityGrouping
                0x00000000080009dc       0x48 ./Drivers/STM32F7xx_HAL_Driver/Src/stm32f7xx_hal_cortex.o
 .text.__NVIC_GetPriorityGrouping
                0x0000000008000a24       0x1c ./Drivers/STM32F7xx_HAL_Driver/Src/stm32f7xx_hal_cortex.o
 .text.__NVIC_SetPriority
                0x0000000008000a40       0x54 ./Drivers/STM32F7xx_HAL_Driver/Src/stm32f7xx_hal_cortex.o
 .text.NVIC_EncodePriority
                0x0000000008000a94       0x66 ./Drivers/STM32F7xx_HAL_Driver/Src/stm32f7xx_hal_cortex.o
 *fill*         0x0000000008000afa        0x2 
 .text.SysTick_Config
                0x0000000008000afc       0x44 ./Drivers/STM32F7xx_HAL_Driver/Src/stm32f7xx_hal_cortex.o
 .text.HAL_NVIC_SetPriorityGrouping
                0x0000000008000b40       0x16 ./Drivers/STM32F7xx_HAL_Driver/Src/stm32f7xx_hal_cortex.o
                0x0000000008000b40                HAL_NVIC_SetPriorityGrouping
 .text.HAL_NVIC_SetPriority
                0x0000000008000b56       0x38 ./Drivers/STM32F7xx_HAL_Driver/Src/stm32f7xx_hal_cortex.o
                0x0000000008000b56                HAL_NVIC_SetPriority
 .text.HAL_SYSTICK_Config
                0x0000000008000b8e       0x18 ./Drivers/STM32F7xx_HAL_Driver/Src/stm32f7xx_hal_cortex.o
                0x0000000008000b8e                HAL_SYSTICK_Config
 *fill*         0x0000000008000ba6        0x2 
 .text.HAL_MPU_Disable
                0x0000000008000ba8       0x30 ./Drivers/STM32F7xx_HAL_Driver/Src/stm32f7xx_hal_cortex.o
                0x0000000008000ba8                HAL_MPU_Disable
 .text.HAL_MPU_Enable
                0x0000000008000bd8       0x40 ./Drivers/STM32F7xx_HAL_Driver/Src/stm32f7xx_hal_cortex.o
                0x0000000008000bd8                HAL_MPU_Enable
 .text.HAL_MPU_ConfigRegion
                0x0000000008000c18       0x88 ./Drivers/STM32F7xx_HAL_Driver/Src/stm32f7xx_hal_cortex.o
                0x0000000008000c18                HAL_MPU_ConfigRegion
 .text.HAL_GPIO_Init
                0x0000000008000ca0      0x358 ./Drivers/STM32F7xx_HAL_Driver/Src/stm32f7xx_hal_gpio.o
                0x0000000008000ca0                HAL_GPIO_Init
 .text.HAL_GPIO_WritePin
                0x0000000008000ff8       0x32 ./Drivers/STM32F7xx_HAL_Driver/Src/stm32f7xx_hal_gpio.o
                0x0000000008000ff8                HAL_GPIO_WritePin
 *fill*         0x000000000800102a        0x2 
 .text.HAL_PWREx_EnableOverDrive
                0x000000000800102c       0xa0 ./Drivers/STM32F7xx_HAL_Driver/Src/stm32f7xx_hal_pwr_ex.o
                0x000000000800102c                HAL_PWREx_EnableOverDrive
 .text.HAL_RCC_OscConfig
                0x00000000080010cc      0x55c ./Drivers/STM32F7xx_HAL_Driver/Src/stm32f7xx_hal_rcc.o
                0x00000000080010cc                HAL_RCC_OscConfig
 .text.HAL_RCC_ClockConfig
                0x0000000008001628      0x1d8 ./Drivers/STM32F7xx_HAL_Driver/Src/stm32f7xx_hal_rcc.o
                0x0000000008001628                HAL_RCC_ClockConfig
 .text.HAL_RCC_GetSysClockFreq
                0x0000000008001800      0x18c ./Drivers/STM32F7xx_HAL_Driver/Src/stm32f7xx_hal_rcc.o
                0x0000000008001800                HAL_RCC_GetSysClockFreq
 .text.memset   0x000000000800198c       0x10 D:/STM32CubeIDE_1.13.0/STM32CubeIDE/plugins/com.st.stm32cube.ide.mcu.externaltools.gnu-tools-for-stm32.11.3.rel1.win32_1.1.0.202305231506/tools/bin/../lib/gcc/arm-none-eabi/11.3.1/../../../../arm-none-eabi/lib/thumb/v7e-m+dp/hard\libc_nano.a(libc_a-memset.o)
                0x000000000800198c                memset
 .text.__libc_init_array
                0x000000000800199c       0x48 D:/STM32CubeIDE_1.13.0/STM32CubeIDE/plugins/com.st.stm32cube.ide.mcu.externaltools.gnu-tools-for-stm32.11.3.rel1.win32_1.1.0.202305231506/tools/bin/../lib/gcc/arm-none-eabi/11.3.1/../../../../arm-none-eabi/lib/thumb/v7e-m+dp/hard\libc_nano.a(libc_a-init.o)
                0x000000000800199c                __libc_init_array
 *(.glue_7)
 .glue_7        0x00000000080019e4        0x0 linker stubs
 *(.glue_7t)
 .glue_7t       0x00000000080019e4        0x0 linker stubs
 *(.eh_frame)
 .eh_frame      0x00000000080019e4        0x0 D:/STM32CubeIDE_1.13.0/STM32CubeIDE/plugins/com.st.stm32cube.ide.mcu.externaltools.gnu-tools-for-stm32.11.3.rel1.win32_1.1.0.202305231506/tools/bin/../lib/gcc/arm-none-eabi/11.3.1/thumb/v7e-m+dp/hard/crtbegin.o
 *(.init)
 .init          0x00000000080019e4        0x4 D:/STM32CubeIDE_1.13.0/STM32CubeIDE/plugins/com.st.stm32cube.ide.mcu.externaltools.gnu-tools-for-stm32.11.3.rel1.win32_1.1.0.202305231506/tools/bin/../lib/gcc/arm-none-eabi/11.3.1/thumb/v7e-m+dp/hard/crti.o
                0x00000000080019e4                _init
 .init          0x00000000080019e8        0x8 D:/STM32CubeIDE_1.13.0/STM32CubeIDE/plugins/com.st.stm32cube.ide.mcu.externaltools.gnu-tools-for-stm32.11.3.rel1.win32_1.1.0.202305231506/tools/bin/../lib/gcc/arm-none-eabi/11.3.1/thumb/v7e-m+dp/hard/crtn.o
 *(.fini)
 .fini          0x00000000080019f0        0x4 D:/STM32CubeIDE_1.13.0/STM32CubeIDE/plugins/com.st.stm32cube.ide.mcu.externaltools.gnu-tools-for-stm32.11.3.rel1.win32_1.1.0.202305231506/tools/bin/../lib/gcc/arm-none-eabi/11.3.1/thumb/v7e-m+dp/hard/crti.o
                0x00000000080019f0                _fini
 .fini          0x00000000080019f4        0x8 D:/STM32CubeIDE_1.13.0/STM32CubeIDE/plugins/com.st.stm32cube.ide.mcu.externaltools.gnu-tools-for-stm32.11.3.rel1.win32_1.1.0.202305231506/tools/bin/../lib/gcc/arm-none-eabi/11.3.1/thumb/v7e-m+dp/hard/crtn.o
                0x00000000080019fc                . = ALIGN (0x4)
                0x00000000080019fc                _etext = .

.vfp11_veneer   0x00000000080019fc        0x0
 .vfp11_veneer  0x00000000080019fc        0x0 linker stubs

.v4_bx          0x00000000080019fc        0x0
 .v4_bx         0x00000000080019fc        0x0 linker stubs

.iplt           0x00000000080019fc        0x0
 .iplt          0x00000000080019fc        0x0 D:/STM32CubeIDE_1.13.0/STM32CubeIDE/plugins/com.st.stm32cube.ide.mcu.externaltools.gnu-tools-for-stm32.11.3.rel1.win32_1.1.0.202305231506/tools/bin/../lib/gcc/arm-none-eabi/11.3.1/thumb/v7e-m+dp/hard/crtbegin.o

.rodata         0x00000000080019fc       0x10
                0x00000000080019fc                . = ALIGN (0x4)
 *(.rodata)
 *(.rodata*)
 .rodata.AHBPrescTable
                0x00000000080019fc       0x10 ./Core/Src/system_stm32f7xx.o
                0x00000000080019fc                AHBPrescTable
                0x0000000008001a0c                . = ALIGN (0x4)

.ARM.extab      0x0000000008001a0c        0x0
                0x0000000008001a0c                . = ALIGN (0x4)
 *(.ARM.extab* .gnu.linkonce.armextab.*)
                0x0000000008001a0c                . = ALIGN (0x4)

.ARM            0x0000000008001a0c        0x8
                0x0000000008001a0c                . = ALIGN (0x4)
                0x0000000008001a0c                __exidx_start = .
 *(.ARM.exidx*)
 .ARM.exidx     0x0000000008001a0c        0x8 D:/STM32CubeIDE_1.13.0/STM32CubeIDE/plugins/com.st.stm32cube.ide.mcu.externaltools.gnu-tools-for-stm32.11.3.rel1.win32_1.1.0.202305231506/tools/bin/../lib/gcc/arm-none-eabi/11.3.1/thumb/v7e-m+dp/hard\libgcc.a(_udivmoddi4.o)
                0x0000000008001a14                __exidx_end = .
                0x0000000008001a14                . = ALIGN (0x4)

.rel.dyn        0x0000000008001a14        0x0
 .rel.iplt      0x0000000008001a14        0x0 D:/STM32CubeIDE_1.13.0/STM32CubeIDE/plugins/com.st.stm32cube.ide.mcu.externaltools.gnu-tools-for-stm32.11.3.rel1.win32_1.1.0.202305231506/tools/bin/../lib/gcc/arm-none-eabi/11.3.1/thumb/v7e-m+dp/hard/crtbegin.o

.preinit_array  0x0000000008001a14        0x0
                0x0000000008001a14                . = ALIGN (0x4)
                0x0000000008001a14                PROVIDE (__preinit_array_start = .)
 *(.preinit_array*)
                0x0000000008001a14                PROVIDE (__preinit_array_end = .)
                0x0000000008001a14                . = ALIGN (0x4)

.init_array     0x0000000008001a14        0x4
                0x0000000008001a14                . = ALIGN (0x4)
                0x0000000008001a14                PROVIDE (__init_array_start = .)
 *(SORT_BY_NAME(.init_array.*))
 *(.init_array*)
 .init_array    0x0000000008001a14        0x4 D:/STM32CubeIDE_1.13.0/STM32CubeIDE/plugins/com.st.stm32cube.ide.mcu.externaltools.gnu-tools-for-stm32.11.3.rel1.win32_1.1.0.202305231506/tools/bin/../lib/gcc/arm-none-eabi/11.3.1/thumb/v7e-m+dp/hard/crtbegin.o
                0x0000000008001a18                PROVIDE (__init_array_end = .)
                0x0000000008001a18                . = ALIGN (0x4)

.fini_array     0x0000000008001a18        0x4
                0x0000000008001a18                . = ALIGN (0x4)
                [!provide]                        PROVIDE (__fini_array_start = .)
 *(SORT_BY_NAME(.fini_array.*))
 *(.fini_array*)
 .fini_array    0x0000000008001a18        0x4 D:/STM32CubeIDE_1.13.0/STM32CubeIDE/plugins/com.st.stm32cube.ide.mcu.externaltools.gnu-tools-for-stm32.11.3.rel1.win32_1.1.0.202305231506/tools/bin/../lib/gcc/arm-none-eabi/11.3.1/thumb/v7e-m+dp/hard/crtbegin.o
                [!provide]                        PROVIDE (__fini_array_end = .)
                0x0000000008001a1c                . = ALIGN (0x4)
                0x0000000008001a1c                _sidata = LOADADDR (.data)

.data           0x0000000020000000       0x24 load address 0x0000000008001a1c
                0x0000000020000000                . = ALIGN (0x4)
                0x0000000020000000                _sdata = .
 *(.data)
 *(.data*)
 .data.led      0x0000000020000000       0x15 ./Core/Src/main.o
                0x0000000020000000                led
 *fill*         0x0000000020000015        0x3 
 .data.SystemCoreClock
                0x0000000020000018        0x4 ./Core/Src/system_stm32f7xx.o
                0x0000000020000018                SystemCoreClock
 .data.uwTickPrio
                0x000000002000001c        0x4 ./Drivers/STM32F7xx_HAL_Driver/Src/stm32f7xx_hal.o
                0x000000002000001c                uwTickPrio
 .data.uwTickFreq
                0x0000000020000020        0x1 ./Drivers/STM32F7xx_HAL_Driver/Src/stm32f7xx_hal.o
                0x0000000020000020                uwTickFreq
 *(.RamFunc)
 *(.RamFunc*)
                0x0000000020000024                . = ALIGN (0x4)
 *fill*         0x0000000020000021        0x3 
                0x0000000020000024                _edata = .

.igot.plt       0x0000000020000024        0x0 load address 0x0000000008001a40
 .igot.plt      0x0000000020000024        0x0 D:/STM32CubeIDE_1.13.0/STM32CubeIDE/plugins/com.st.stm32cube.ide.mcu.externaltools.gnu-tools-for-stm32.11.3.rel1.win32_1.1.0.202305231506/tools/bin/../lib/gcc/arm-none-eabi/11.3.1/thumb/v7e-m+dp/hard/crtbegin.o
                0x0000000020000024                . = ALIGN (0x4)

.bss            0x0000000020000024       0x24 load address 0x0000000008001a40
                0x0000000020000024                _sbss = .
                0x0000000020000024                __bss_start__ = _sbss
 *(.bss)
 .bss           0x0000000020000024       0x1c D:/STM32CubeIDE_1.13.0/STM32CubeIDE/plugins/com.st.stm32cube.ide.mcu.externaltools.gnu-tools-for-stm32.11.3.rel1.win32_1.1.0.202305231506/tools/bin/../lib/gcc/arm-none-eabi/11.3.1/thumb/v7e-m+dp/hard/crtbegin.o
 *(.bss*)
 .bss.num       0x0000000020000040        0x1 ./Core/Src/main.o
                0x0000000020000040                num
 .bss.led0      0x0000000020000041        0x1 ./Core/Src/main.o
                0x0000000020000041                led0
 .bss.led1      0x0000000020000042        0x1 ./Core/Src/main.o
                0x0000000020000042                led1
 .bss.led2      0x0000000020000043        0x1 ./Core/Src/main.o
                0x0000000020000043                led2
 .bss.uwTick    0x0000000020000044        0x4 ./Drivers/STM32F7xx_HAL_Driver/Src/stm32f7xx_hal.o
                0x0000000020000044                uwTick
 *(COMMON)
                0x0000000020000048                . = ALIGN (0x4)
                0x0000000020000048                _ebss = .
                0x0000000020000048                __bss_end__ = _ebss

._user_heap_stack
                0x0000000020000048      0x600 load address 0x0000000008001a40
                0x0000000020000048                . = ALIGN (0x8)
                [!provide]                        PROVIDE (end = .)
                0x0000000020000048                PROVIDE (_end = .)
                0x0000000020000248                . = (. + _Min_Heap_Size)
 *fill*         0x0000000020000048      0x200 
                0x0000000020000648                . = (. + _Min_Stack_Size)
 *fill*         0x0000000020000248      0x400 
                0x0000000020000648                . = ALIGN (0x8)

/DISCARD/
 libc.a(*)
 libm.a(*)
 libgcc.a(*)

.ARM.attributes
                0x0000000000000000       0x2e
 *(.ARM.attributes)
 .ARM.attributes
                0x0000000000000000       0x1e D:/STM32CubeIDE_1.13.0/STM32CubeIDE/plugins/com.st.stm32cube.ide.mcu.externaltools.gnu-tools-for-stm32.11.3.rel1.win32_1.1.0.202305231506/tools/bin/../lib/gcc/arm-none-eabi/11.3.1/thumb/v7e-m+dp/hard/crti.o
 .ARM.attributes
                0x000000000000001e       0x32 D:/STM32CubeIDE_1.13.0/STM32CubeIDE/plugins/com.st.stm32cube.ide.mcu.externaltools.gnu-tools-for-stm32.11.3.rel1.win32_1.1.0.202305231506/tools/bin/../lib/gcc/arm-none-eabi/11.3.1/thumb/v7e-m+dp/hard/crtbegin.o
 .ARM.attributes
                0x0000000000000050       0x32 ./Core/Src/gpio.o
 .ARM.attributes
                0x0000000000000082       0x32 ./Core/Src/main.o
 .ARM.attributes
                0x00000000000000b4       0x32 ./Core/Src/stm32f7xx_hal_msp.o
 .ARM.attributes
                0x00000000000000e6       0x32 ./Core/Src/stm32f7xx_it.o
 .ARM.attributes
                0x0000000000000118       0x32 ./Core/Src/system_stm32f7xx.o
 .ARM.attributes
                0x000000000000014a       0x21 ./Core/Startup/startup_stm32f777zitx.o
 .ARM.attributes
                0x000000000000016b       0x32 ./Drivers/STM32F7xx_HAL_Driver/Src/stm32f7xx_hal.o
 .ARM.attributes
                0x000000000000019d       0x32 ./Drivers/STM32F7xx_HAL_Driver/Src/stm32f7xx_hal_cortex.o
 .ARM.attributes
                0x00000000000001cf       0x32 ./Drivers/STM32F7xx_HAL_Driver/Src/stm32f7xx_hal_gpio.o
 .ARM.attributes
                0x0000000000000201       0x32 ./Drivers/STM32F7xx_HAL_Driver/Src/stm32f7xx_hal_pwr_ex.o
 .ARM.attributes
                0x0000000000000233       0x32 ./Drivers/STM32F7xx_HAL_Driver/Src/stm32f7xx_hal_rcc.o
 .ARM.attributes
                0x0000000000000265       0x32 D:/STM32CubeIDE_1.13.0/STM32CubeIDE/plugins/com.st.stm32cube.ide.mcu.externaltools.gnu-tools-for-stm32.11.3.rel1.win32_1.1.0.202305231506/tools/bin/../lib/gcc/arm-none-eabi/11.3.1/../../../../arm-none-eabi/lib/thumb/v7e-m+dp/hard\libc_nano.a(libc_a-memset.o)
 .ARM.attributes
                0x0000000000000297       0x32 D:/STM32CubeIDE_1.13.0/STM32CubeIDE/plugins/com.st.stm32cube.ide.mcu.externaltools.gnu-tools-for-stm32.11.3.rel1.win32_1.1.0.202305231506/tools/bin/../lib/gcc/arm-none-eabi/11.3.1/../../../../arm-none-eabi/lib/thumb/v7e-m+dp/hard\libc_nano.a(libc_a-init.o)
 .ARM.attributes
                0x00000000000002c9       0x1e D:/STM32CubeIDE_1.13.0/STM32CubeIDE/plugins/com.st.stm32cube.ide.mcu.externaltools.gnu-tools-for-stm32.11.3.rel1.win32_1.1.0.202305231506/tools/bin/../lib/gcc/arm-none-eabi/11.3.1/thumb/v7e-m+dp/hard\libgcc.a(_aeabi_uldivmod.o)
 .ARM.attributes
                0x00000000000002e7       0x32 D:/STM32CubeIDE_1.13.0/STM32CubeIDE/plugins/com.st.stm32cube.ide.mcu.externaltools.gnu-tools-for-stm32.11.3.rel1.win32_1.1.0.202305231506/tools/bin/../lib/gcc/arm-none-eabi/11.3.1/thumb/v7e-m+dp/hard\libgcc.a(_udivmoddi4.o)
 .ARM.attributes
                0x0000000000000319       0x1e D:/STM32CubeIDE_1.13.0/STM32CubeIDE/plugins/com.st.stm32cube.ide.mcu.externaltools.gnu-tools-for-stm32.11.3.rel1.win32_1.1.0.202305231506/tools/bin/../lib/gcc/arm-none-eabi/11.3.1/thumb/v7e-m+dp/hard\libgcc.a(_dvmd_tls.o)
 .ARM.attributes
                0x0000000000000337       0x1e D:/STM32CubeIDE_1.13.0/STM32CubeIDE/plugins/com.st.stm32cube.ide.mcu.externaltools.gnu-tools-for-stm32.11.3.rel1.win32_1.1.0.202305231506/tools/bin/../lib/gcc/arm-none-eabi/11.3.1/thumb/v7e-m+dp/hard/crtn.o
OUTPUT(Lab00.elf elf32-littlearm)
LOAD linker stubs
LOAD D:/STM32CubeIDE_1.13.0/STM32CubeIDE/plugins/com.st.stm32cube.ide.mcu.externaltools.gnu-tools-for-stm32.11.3.rel1.win32_1.1.0.202305231506/tools/bin/../lib/gcc/arm-none-eabi/11.3.1/../../../../arm-none-eabi/lib/thumb/v7e-m+dp/hard\libc.a
LOAD D:/STM32CubeIDE_1.13.0/STM32CubeIDE/plugins/com.st.stm32cube.ide.mcu.externaltools.gnu-tools-for-stm32.11.3.rel1.win32_1.1.0.202305231506/tools/bin/../lib/gcc/arm-none-eabi/11.3.1/../../../../arm-none-eabi/lib/thumb/v7e-m+dp/hard\libm.a
LOAD D:/STM32CubeIDE_1.13.0/STM32CubeIDE/plugins/com.st.stm32cube.ide.mcu.externaltools.gnu-tools-for-stm32.11.3.rel1.win32_1.1.0.202305231506/tools/bin/../lib/gcc/arm-none-eabi/11.3.1/thumb/v7e-m+dp/hard\libgcc.a

.comment        0x0000000000000000       0x43
 .comment       0x0000000000000000       0x43 D:/STM32CubeIDE_1.13.0/STM32CubeIDE/plugins/com.st.stm32cube.ide.mcu.externaltools.gnu-tools-for-stm32.11.3.rel1.win32_1.1.0.202305231506/tools/bin/../lib/gcc/arm-none-eabi/11.3.1/thumb/v7e-m+dp/hard/crtbegin.o
                                         0x44 (size before relaxing)
 .comment       0x0000000000000043       0x44 ./Core/Src/gpio.o
 .comment       0x0000000000000043       0x44 ./Core/Src/main.o
 .comment       0x0000000000000043       0x44 ./Core/Src/stm32f7xx_hal_msp.o
 .comment       0x0000000000000043       0x44 ./Core/Src/stm32f7xx_it.o
 .comment       0x0000000000000043       0x44 ./Core/Src/system_stm32f7xx.o
 .comment       0x0000000000000043       0x44 ./Drivers/STM32F7xx_HAL_Driver/Src/stm32f7xx_hal.o
 .comment       0x0000000000000043       0x44 ./Drivers/STM32F7xx_HAL_Driver/Src/stm32f7xx_hal_cortex.o
 .comment       0x0000000000000043       0x44 ./Drivers/STM32F7xx_HAL_Driver/Src/stm32f7xx_hal_gpio.o
 .comment       0x0000000000000043       0x44 ./Drivers/STM32F7xx_HAL_Driver/Src/stm32f7xx_hal_pwr_ex.o
 .comment       0x0000000000000043       0x44 ./Drivers/STM32F7xx_HAL_Driver/Src/stm32f7xx_hal_rcc.o

.debug_info     0x0000000000000000     0x48d0
 .debug_info    0x0000000000000000      0x3d9 ./Core/Src/gpio.o
 .debug_info    0x00000000000003d9      0x76e ./Core/Src/main.o
 .debug_info    0x0000000000000b47      0x28d ./Core/Src/stm32f7xx_hal_msp.o
 .debug_info    0x0000000000000dd4      0x112 ./Core/Src/stm32f7xx_it.o
 .debug_info    0x0000000000000ee6      0x6ed ./Core/Src/system_stm32f7xx.o
 .debug_info    0x00000000000015d3       0x23 ./Core/Startup/startup_stm32f777zitx.o
 .debug_info    0x00000000000015f6      0xa52 ./Drivers/STM32F7xx_HAL_Driver/Src/stm32f7xx_hal.o
 .debug_info    0x0000000000002048      0xf91 ./Drivers/STM32F7xx_HAL_Driver/Src/stm32f7xx_hal_cortex.o
 .debug_info    0x0000000000002fd9      0x6f3 ./Drivers/STM32F7xx_HAL_Driver/Src/stm32f7xx_hal_gpio.o
 .debug_info    0x00000000000036cc      0x8cd ./Drivers/STM32F7xx_HAL_Driver/Src/stm32f7xx_hal_pwr_ex.o
 .debug_info    0x0000000000003f99      0x937 ./Drivers/STM32F7xx_HAL_Driver/Src/stm32f7xx_hal_rcc.o

.debug_abbrev   0x0000000000000000     0x11fe
 .debug_abbrev  0x0000000000000000      0x147 ./Core/Src/gpio.o
 .debug_abbrev  0x0000000000000147      0x25c ./Core/Src/main.o
 .debug_abbrev  0x00000000000003a3       0xd8 ./Core/Src/stm32f7xx_hal_msp.o
 .debug_abbrev  0x000000000000047b       0x73 ./Core/Src/stm32f7xx_it.o
 .debug_abbrev  0x00000000000004ee      0x13b ./Core/Src/system_stm32f7xx.o
 .debug_abbrev  0x0000000000000629       0x12 ./Core/Startup/startup_stm32f777zitx.o
 .debug_abbrev  0x000000000000063b      0x213 ./Drivers/STM32F7xx_HAL_Driver/Src/stm32f7xx_hal.o
 .debug_abbrev  0x000000000000084e      0x329 ./Drivers/STM32F7xx_HAL_Driver/Src/stm32f7xx_hal_cortex.o
 .debug_abbrev  0x0000000000000b77      0x1d4 ./Drivers/STM32F7xx_HAL_Driver/Src/stm32f7xx_hal_gpio.o
 .debug_abbrev  0x0000000000000d4b      0x1d5 ./Drivers/STM32F7xx_HAL_Driver/Src/stm32f7xx_hal_pwr_ex.o
 .debug_abbrev  0x0000000000000f20      0x2de ./Drivers/STM32F7xx_HAL_Driver/Src/stm32f7xx_hal_rcc.o

.debug_aranges  0x0000000000000000      0x4b0
 .debug_aranges
                0x0000000000000000       0x20 ./Core/Src/gpio.o
 .debug_aranges
                0x0000000000000020       0x38 ./Core/Src/main.o
 .debug_aranges
                0x0000000000000058       0x20 ./Core/Src/stm32f7xx_hal_msp.o
 .debug_aranges
                0x0000000000000078       0x60 ./Core/Src/stm32f7xx_it.o
 .debug_aranges
                0x00000000000000d8       0x28 ./Core/Src/system_stm32f7xx.o
 .debug_aranges
                0x0000000000000100       0x28 ./Core/Startup/startup_stm32f777zitx.o
 .debug_aranges
                0x0000000000000128      0x110 ./Drivers/STM32F7xx_HAL_Driver/Src/stm32f7xx_hal.o
 .debug_aranges
                0x0000000000000238      0x118 ./Drivers/STM32F7xx_HAL_Driver/Src/stm32f7xx_hal_cortex.o
 .debug_aranges
                0x0000000000000350       0x58 ./Drivers/STM32F7xx_HAL_Driver/Src/stm32f7xx_hal_gpio.o
 .debug_aranges
                0x00000000000003a8       0x80 ./Drivers/STM32F7xx_HAL_Driver/Src/stm32f7xx_hal_pwr_ex.o
 .debug_aranges
                0x0000000000000428       0x88 ./Drivers/STM32F7xx_HAL_Driver/Src/stm32f7xx_hal_rcc.o

.debug_rnglists
                0x0000000000000000      0x35d
 .debug_rnglists
                0x0000000000000000       0x13 ./Core/Src/gpio.o
 .debug_rnglists
                0x0000000000000013       0x27 ./Core/Src/main.o
 .debug_rnglists
                0x000000000000003a       0x13 ./Core/Src/stm32f7xx_hal_msp.o
 .debug_rnglists
                0x000000000000004d       0x43 ./Core/Src/stm32f7xx_it.o
 .debug_rnglists
                0x0000000000000090       0x1a ./Core/Src/system_stm32f7xx.o
 .debug_rnglists
                0x00000000000000aa       0x19 ./Core/Startup/startup_stm32f777zitx.o
 .debug_rnglists
                0x00000000000000c3       0xc7 ./Drivers/STM32F7xx_HAL_Driver/Src/stm32f7xx_hal.o
 .debug_rnglists
                0x000000000000018a       0xce ./Drivers/STM32F7xx_HAL_Driver/Src/stm32f7xx_hal_cortex.o
 .debug_rnglists
                0x0000000000000258       0x3f ./Drivers/STM32F7xx_HAL_Driver/Src/stm32f7xx_hal_gpio.o
 .debug_rnglists
                0x0000000000000297       0x5f ./Drivers/STM32F7xx_HAL_Driver/Src/stm32f7xx_hal_pwr_ex.o
 .debug_rnglists
                0x00000000000002f6       0x67 ./Drivers/STM32F7xx_HAL_Driver/Src/stm32f7xx_hal_rcc.o

.debug_macro    0x0000000000000000    0x25c46
 .debug_macro   0x0000000000000000      0x1cf ./Core/Src/gpio.o
 .debug_macro   0x00000000000001cf      0xac0 ./Core/Src/gpio.o
 .debug_macro   0x0000000000000c8f      0x287 ./Core/Src/gpio.o
 .debug_macro   0x0000000000000f16       0x2e ./Core/Src/gpio.o
 .debug_macro   0x0000000000000f44       0x3b ./Core/Src/gpio.o
 .debug_macro   0x0000000000000f7f       0x22 ./Core/Src/gpio.o
 .debug_macro   0x0000000000000fa1       0x8e ./Core/Src/gpio.o
 .debug_macro   0x000000000000102f       0x51 ./Core/Src/gpio.o
 .debug_macro   0x0000000000001080      0x103 ./Core/Src/gpio.o
 .debug_macro   0x0000000000001183       0x6a ./Core/Src/gpio.o
 .debug_macro   0x00000000000011ed      0x1df ./Core/Src/gpio.o
 .debug_macro   0x00000000000013cc       0x1c ./Core/Src/gpio.o
 .debug_macro   0x00000000000013e8       0x22 ./Core/Src/gpio.o
 .debug_macro   0x000000000000140a       0xd9 ./Core/Src/gpio.o
 .debug_macro   0x00000000000014e3     0x12cd ./Core/Src/gpio.o
 .debug_macro   0x00000000000027b0      0x11f ./Core/Src/gpio.o
 .debug_macro   0x00000000000028cf       0x19 ./Core/Src/gpio.o
 .debug_macro   0x00000000000028e8    0x1b041 ./Core/Src/gpio.o
 .debug_macro   0x000000000001d929       0x6d ./Core/Src/gpio.o
 .debug_macro   0x000000000001d996     0x3749 ./Core/Src/gpio.o
 .debug_macro   0x00000000000210df      0x174 ./Core/Src/gpio.o
 .debug_macro   0x0000000000021253       0x63 ./Core/Src/gpio.o
 .debug_macro   0x00000000000212b6     0x1b69 ./Core/Src/gpio.o
 .debug_macro   0x0000000000022e1f      0x6c4 ./Core/Src/gpio.o
 .debug_macro   0x00000000000234e3      0x18b ./Core/Src/gpio.o
 .debug_macro   0x000000000002366e      0x115 ./Core/Src/gpio.o
 .debug_macro   0x0000000000023783      0x26e ./Core/Src/gpio.o
 .debug_macro   0x00000000000239f1       0xa5 ./Core/Src/gpio.o
 .debug_macro   0x0000000000023a96      0x24f ./Core/Src/gpio.o
 .debug_macro   0x0000000000023ce5       0x71 ./Core/Src/gpio.o
 .debug_macro   0x0000000000023d56       0x58 ./Core/Src/gpio.o
 .debug_macro   0x0000000000023dae      0x236 ./Core/Src/gpio.o
 .debug_macro   0x0000000000023fe4      0x14e ./Core/Src/gpio.o
 .debug_macro   0x0000000000024132      0x3db ./Core/Src/gpio.o
 .debug_macro   0x000000000002450d       0x12 ./Core/Src/gpio.o
 .debug_macro   0x000000000002451f      0x22c ./Core/Src/gpio.o
 .debug_macro   0x000000000002474b       0x61 ./Core/Src/gpio.o
 .debug_macro   0x00000000000247ac       0xa5 ./Core/Src/gpio.o
 .debug_macro   0x0000000000024851      0x12e ./Core/Src/gpio.o
 .debug_macro   0x000000000002497f      0x108 ./Core/Src/gpio.o
 .debug_macro   0x0000000000024a87       0x35 ./Core/Src/gpio.o
 .debug_macro   0x0000000000024abc      0x15b ./Core/Src/gpio.o
 .debug_macro   0x0000000000024c17      0x1d3 ./Core/Src/main.o
 .debug_macro   0x0000000000024dea      0x1c5 ./Core/Src/stm32f7xx_hal_msp.o
 .debug_macro   0x0000000000024faf      0x1cf ./Core/Src/stm32f7xx_it.o
 .debug_macro   0x000000000002517e      0x1bb ./Core/Src/system_stm32f7xx.o
 .debug_macro   0x0000000000025339      0x1df ./Drivers/STM32F7xx_HAL_Driver/Src/stm32f7xx_hal.o
 .debug_macro   0x0000000000025518      0x1bb ./Drivers/STM32F7xx_HAL_Driver/Src/stm32f7xx_hal_cortex.o
 .debug_macro   0x00000000000256d3      0x1c1 ./Drivers/STM32F7xx_HAL_Driver/Src/stm32f7xx_hal_gpio.o
 .debug_macro   0x0000000000025894      0x1d3 ./Drivers/STM32F7xx_HAL_Driver/Src/stm32f7xx_hal_pwr_ex.o
 .debug_macro   0x0000000000025a67      0x1df ./Drivers/STM32F7xx_HAL_Driver/Src/stm32f7xx_hal_rcc.o

.debug_line     0x0000000000000000     0x6027
 .debug_line    0x0000000000000000      0x70e ./Core/Src/gpio.o
 .debug_line    0x000000000000070e      0x7fb ./Core/Src/main.o
 .debug_line    0x0000000000000f09      0x702 ./Core/Src/stm32f7xx_hal_msp.o
 .debug_line    0x000000000000160b      0x7c4 ./Core/Src/stm32f7xx_it.o
 .debug_line    0x0000000000001dcf      0x781 ./Core/Src/system_stm32f7xx.o
 .debug_line    0x0000000000002550       0x7a ./Core/Startup/startup_stm32f777zitx.o
 .debug_line    0x00000000000025ca      0xa42 ./Drivers/STM32F7xx_HAL_Driver/Src/stm32f7xx_hal.o
 .debug_line    0x000000000000300c      0xc98 ./Drivers/STM32F7xx_HAL_Driver/Src/stm32f7xx_hal_cortex.o
 .debug_line    0x0000000000003ca4      0xb86 ./Drivers/STM32F7xx_HAL_Driver/Src/stm32f7xx_hal_gpio.o
 .debug_line    0x000000000000482a      0x97e ./Drivers/STM32F7xx_HAL_Driver/Src/stm32f7xx_hal_pwr_ex.o
 .debug_line    0x00000000000051a8      0xe7f ./Drivers/STM32F7xx_HAL_Driver/Src/stm32f7xx_hal_rcc.o

.debug_str      0x0000000000000000    0xe9d11
 .debug_str     0x0000000000000000    0xe84f5 ./Core/Src/gpio.o
                                      0xe8bb3 (size before relaxing)
 .debug_str     0x00000000000e84f5      0x2d2 ./Core/Src/main.o
                                      0xe8e57 (size before relaxing)
 .debug_str     0x00000000000e87c7       0x2c ./Core/Src/stm32f7xx_hal_msp.o
                                      0xe8ae8 (size before relaxing)
 .debug_str     0x00000000000e87f3       0xc9 ./Core/Src/stm32f7xx_it.o
                                      0xe8a51 (size before relaxing)
 .debug_str     0x00000000000e88bc      0x1a4 ./Core/Src/system_stm32f7xx.o
                                      0xe8c61 (size before relaxing)
 .debug_str     0x00000000000e8a60       0x34 ./Core/Startup/startup_stm32f777zitx.o
                                         0x5f (size before relaxing)
 .debug_str     0x00000000000e8a94      0xa9a ./Drivers/STM32F7xx_HAL_Driver/Src/stm32f7xx_hal.o
                                      0xe96b0 (size before relaxing)
 .debug_str     0x00000000000e952e      0x298 ./Drivers/STM32F7xx_HAL_Driver/Src/stm32f7xx_hal_cortex.o
                                      0xe9660 (size before relaxing)
 .debug_str     0x00000000000e97c6      0x11a ./Drivers/STM32F7xx_HAL_Driver/Src/stm32f7xx_hal_gpio.o
                                      0xe8d1f (size before relaxing)
 .debug_str     0x00000000000e98e0      0x1d1 ./Drivers/STM32F7xx_HAL_Driver/Src/stm32f7xx_hal_pwr_ex.o
                                      0xe8ed0 (size before relaxing)
 .debug_str     0x00000000000e9ab1      0x260 ./Drivers/STM32F7xx_HAL_Driver/Src/stm32f7xx_hal_rcc.o
                                      0xe8fdc (size before relaxing)

.debug_frame    0x0000000000000000     0x1098
 .debug_frame   0x0000000000000000       0x34 ./Core/Src/gpio.o
 .debug_frame   0x0000000000000034       0x8c ./Core/Src/main.o
 .debug_frame   0x00000000000000c0       0x38 ./Core/Src/stm32f7xx_hal_msp.o
 .debug_frame   0x00000000000000f8      0x104 ./Core/Src/stm32f7xx_it.o
 .debug_frame   0x00000000000001fc       0x58 ./Core/Src/system_stm32f7xx.o
 .debug_frame   0x0000000000000254      0x3f4 ./Drivers/STM32F7xx_HAL_Driver/Src/stm32f7xx_hal.o
 .debug_frame   0x0000000000000648      0x498 ./Drivers/STM32F7xx_HAL_Driver/Src/stm32f7xx_hal_cortex.o
 .debug_frame   0x0000000000000ae0      0x14c ./Drivers/STM32F7xx_HAL_Driver/Src/stm32f7xx_hal_gpio.o
 .debug_frame   0x0000000000000c2c      0x1c8 ./Drivers/STM32F7xx_HAL_Driver/Src/stm32f7xx_hal_pwr_ex.o
 .debug_frame   0x0000000000000df4      0x1f8 ./Drivers/STM32F7xx_HAL_Driver/Src/stm32f7xx_hal_rcc.o
 .debug_frame   0x0000000000000fec       0x20 D:/STM32CubeIDE_1.13.0/STM32CubeIDE/plugins/com.st.stm32cube.ide.mcu.externaltools.gnu-tools-for-stm32.11.3.rel1.win32_1.1.0.202305231506/tools/bin/../lib/gcc/arm-none-eabi/11.3.1/../../../../arm-none-eabi/lib/thumb/v7e-m+dp/hard\libc_nano.a(libc_a-memset.o)
 .debug_frame   0x000000000000100c       0x2c D:/STM32CubeIDE_1.13.0/STM32CubeIDE/plugins/com.st.stm32cube.ide.mcu.externaltools.gnu-tools-for-stm32.11.3.rel1.win32_1.1.0.202305231506/tools/bin/../lib/gcc/arm-none-eabi/11.3.1/../../../../arm-none-eabi/lib/thumb/v7e-m+dp/hard\libc_nano.a(libc_a-init.o)
 .debug_frame   0x0000000000001038       0x2c D:/STM32CubeIDE_1.13.0/STM32CubeIDE/plugins/com.st.stm32cube.ide.mcu.externaltools.gnu-tools-for-stm32.11.3.rel1.win32_1.1.0.202305231506/tools/bin/../lib/gcc/arm-none-eabi/11.3.1/thumb/v7e-m+dp/hard\libgcc.a(_aeabi_uldivmod.o)
 .debug_frame   0x0000000000001064       0x34 D:/STM32CubeIDE_1.13.0/STM32CubeIDE/plugins/com.st.stm32cube.ide.mcu.externaltools.gnu-tools-for-stm32.11.3.rel1.win32_1.1.0.202305231506/tools/bin/../lib/gcc/arm-none-eabi/11.3.1/thumb/v7e-m+dp/hard\libgcc.a(_udivmoddi4.o)

.debug_line_str
                0x0000000000000000       0x53
 .debug_line_str
                0x0000000000000000       0x53 ./Core/Startup/startup_stm32f777zitx.o
                                         0x6b (size before relaxing)
